2026-07-24 10:28:28 [INFO] CSC is loading...   SuccessÔºÅ
2026-07-24 10:30:47 [INFO]    _____  _____  _____ 
2026-07-24 10:30:47 [INFO]   / ____|/ ____|/ ____|
2026-07-24 10:30:47 [INFO]  | |    | (___ | |        [CSC] Version: v1.21.27
2026-07-24 10:30:47 [INFO]  | |     \___ \| |        Minecraft Version: 1.20.1 forge
2026-07-24 10:30:47 [INFO]  | |____ ____) | |____    Problem/Feedback: Discord: https://discord.gg/rQV5JPauY7
2026-07-24 10:30:47 [INFO]   \_____|_____/ \_____|
2026-07-24 10:30:47 [INFO]                        
2026-07-24 10:30:47 [INFO] Security notice: Mod id whitelist mode is enabled. This feature restricts printing blocks from mods outside the whitelist to reduce the risk of blueprint vulnerabilities from unknown mods.
If the administrator already understands this security notice, disable the notice with: /csc notice whitelistid off
Control mod id whitelist mode: /csc mode whitelistid on|off
Open config/CSC/config.toml for more detailed configuration.
2026-07-24 10:33:04 [INFO] CSC close completely, thanks for using!
2026-07-24 10:33:17 [INFO]    _____  _____  _____ 
2026-07-24 10:33:17 [INFO]   / ____|/ ____|/ ____|
2026-07-24 10:33:17 [INFO]  | |    | (___ | |        [CSC] Version: v1.21.27
2026-07-24 10:33:17 [INFO]  | |     \___ \| |        Minecraft Version: 1.20.1 forge
2026-07-24 10:33:17 [INFO]  | |____ ____) | |____    Problem/Feedback: Discord: https://discord.gg/rQV5JPauY7
2026-07-24 10:33:17 [INFO]   \_____|_____/ \_____|
2026-07-24 10:33:17 [INFO]                        
2026-07-24 10:33:17 [INFO] Security notice: Mod id whitelist mode is enabled. This feature restricts printing blocks from mods outside the whitelist to reduce the risk of blueprint vulnerabilities from unknown mods.
If the administrator already understands this security notice, disable the notice with: /csc notice whitelistid off
Control mod id whitelist mode: /csc mode whitelistid on|off
Open config/CSC/config.toml for more detailed configuration.
2026-07-24 10:36:48 [INFO] CSC close completely, thanks for using!
2026-07-24 11:21:37 [INFO] CSC is loading...   SuccessÔºÅ
2026-07-24 11:23:58 [INFO]    _____  _____  _____ 
2026-07-24 11:23:58 [INFO]   / ____|/ ____|/ ____|
2026-07-24 11:23:58 [INFO]  | |    | (___ | |        [CSC] Version: v1.21.27
2026-07-24 11:23:58 [INFO]  | |     \___ \| |        Minecraft Version: 1.20.1 forge
2026-07-24 11:23:58 [INFO]  | |____ ____) | |____    Problem/Feedback: Discord: https://discord.gg/rQV5JPauY7
2026-07-24 11:23:58 [INFO]   \_____|_____/ \_____|
2026-07-24 11:23:58 [INFO]                        
2026-07-24 11:23:58 [INFO] Security notice: Mod id whitelist mode is enabled. This feature restricts printing blocks from mods outside the whitelist to reduce the risk of blueprint vulnerabilities from unknown mods.
If the administrator already understands this security notice, disable the notice with: /csc notice whitelistid off
Control mod id whitelist mode: /csc mode whitelistid on|off
Open config/CSC/config.toml for more detailed configuration.
2026-07-24 11:26:57 [INFO] CSC close completely, thanks for using!
2026-07-24 14:15:11 [INFO] CSC is loading...   SuccessÔºÅ
2026-07-24 14:15:39 [INFO]    _____  _____  _____ 
2026-07-24 14:15:39 [INFO]   / ____|/ ____|/ ____|
2026-07-24 14:15:39 [INFO]  | |    | (___ | |        [CSC] Version: v1.21.27
2026-07-24 14:15:39 [INFO]  | |     \___ \| |        Minecraft Version: 1.20.1 forge
2026-07-24 14:15:39 [INFO]  | |____ ____) | |____    Problem/Feedback: Discord: https://discord.gg/rQV5JPauY7
2026-07-24 14:15:39 [INFO]   \_____|_____/ \_____|
2026-07-24 14:15:39 [INFO]                        
2026-07-24 14:15:39 [INFO] Security notice: Mod id whitelist mode is enabled. This feature restricts printing blocks from mods outside the whitelist to reduce the risk of blueprint vulnerabilities from unknown mods.
If the administrator already understands this security notice, disable the notice with: /csc notice whitelistid off
Control mod id whitelist mode: /csc mode whitelistid on|off
Open config/CSC/config.toml for more detailed configuration.
2026-07-24 14:16:13 [INFO] CSC close completely, thanks for using!
2026-07-25 09:22:17 [INFO] CSC is loading...   SuccessÔºÅ
2026-07-25 09:23:09 [INFO]    _____  _____  _____ 
2026-07-25 09:23:09 [INFO]   / ____|/ ____|/ ____|
2026-07-25 09:23:09 [INFO]  | |    | (___ | |        [CSC] Version: v1.21.27
2026-07-25 09:23:09 [INFO]  | |     \___ \| |        Minecraft Version: 1.20.1 forge
2026-07-25 09:23:09 [INFO]  | |____ ____) | |____    Problem/Feedback: Discord: https://discord.gg/rQV5JPauY7
2026-07-25 09:23:09 [INFO]   \_____|_____/ \_____|
2026-07-25 09:23:09 [INFO]                        
2026-07-25 09:23:09 [INFO] Security notice: Mod id whitelist mode is enabled. This feature restricts printing blocks from mods outside the whitelist to reduce the risk of blueprint vulnerabilities from unknown mods.
If the administrator already understands this security notice, disable the notice with: /csc notice whitelistid off
Control mod id whitelist mode: /csc mode whitelistid on|off
Open config/CSC/config.toml for more detailed configuration.
2026-07-25 09:23:31 [INFO] CSC close completely, thanks for using!
2026-07-25 09:25:17 [INFO] CSC is loading...   SuccessÔºÅ
2026-07-25 09:25:53 [INFO]    _____  _____  _____ 
2026-07-25 09:25:53 [INFO]   / ____|/ ____|/ ____|
2026-07-25 09:25:53 [INFO]  | |    | (___ | |        [CSC] Version: v1.21.27
2026-07-25 09:25:53 [INFO]  | |     \___ \| |        Minecraft Version: 1.20.1 forge
2026-07-25 09:25:53 [INFO]  | |____ ____) | |____    Problem/Feedback: Discord: https://discord.gg/rQV5JPauY7
2026-07-25 09:25:53 [INFO]   \_____|_____/ \_____|
2026-07-25 09:25:53 [INFO]                        
2026-07-25 09:25:53 [INFO] Security notice: Mod id whitelist mode is enabled. This feature restricts printing blocks from mods outside the whitelist to reduce the risk of blueprint vulnerabilities from unknown mods.
If the administrator already understands this security notice, disable the notice with: /csc notice whitelistid off
Control mod id whitelist mode: /csc mode whitelistid on|off
Open config/CSC/config.toml for more detailed configuration.
2026-07-25 09:46:17 [INFO] CSC close completely, thanks for using!
2026-07-25 09:47:03 [INFO] CSC is loading...   SuccessÔºÅ
2026-07-25 09:47:31 [INFO]    _____  _____  _____ 
2026-07-25 09:47:31 [INFO]   / ____|/ ____|/ ____|
2026-07-25 09:47:31 [INFO]  | |    | (___ | |        [CSC] Version: v1.21.27
2026-07-25 09:47:31 [INFO]  | |     \___ \| |        Minecraft Version: 1.20.1 forge
2026-07-25 09:47:31 [INFO]  | |____ ____) | |____    Problem/Feedback: Discord: https://discord.gg/rQV5JPauY7
2026-07-25 09:47:31 [INFO]   \_____|_____/ \_____|
2026-07-25 09:47:31 [INFO]                        
2026-07-25 09:47:31 [INFO] Security notice: Mod id whitelist mode is enabled. This feature restricts printing blocks from mods outside the whitelist to reduce the risk of blueprint vulnerabilities from unknown mods.
If the administrator already understands this security notice, disable the notice with: /csc notice whitelistid off
Control mod id whitelist mode: /csc mode whitelistid on|off
Open config/CSC/config.toml for more detailed configuration.
2026-07-25 10:22:27 [INFO] CSC close completely, thanks for using!
2026-07-25 10:22:41 [INFO]    _____  _____  _____ 
2026-07-25 10:22:41 [INFO]   / ____|/ ____|/ ____|
2026-07-25 10:22:41 [INFO]  | |    | (___ | |        [CSC] Version: v1.21.27
2026-07-25 10:22:41 [INFO]  | |     \___ \| |        Minecraft Version: 1.20.1 forge
2026-07-25 10:22:41 [INFO]  | |____ ____) | |____    Problem/Feedback: Discord: https://discord.gg/rQV5JPauY7
2026-07-25 10:22:41 [INFO]   \_____|_____/ \_____|
2026-07-25 10:22:41 [INFO]                        
2026-07-25 10:22:41 [INFO] Security notice: Mod id whitelist mode is enabled. This feature restricts printing blocks from mods outside the whitelist to reduce the risk of blueprint vulnerabilities from unknown mods.
If the administrator already understands this security notice, disable the notice with: /csc notice whitelistid off
Control mod id whitelist mode: /csc mode whitelistid on|off
Open config/CSC/config.toml for more detailed configuration.
2026-07-25 10:37:17 [INFO] CSC close completely, thanks for using!
2026-07-25 11:46:14 [INFO] CSC is loading...   SuccessÔºÅ
2026-07-25 11:49:42 [INFO]    _____  _____  _____ 
2026-07-25 11:49:42 [INFO]   / ____|/ ____|/ ____|
2026-07-25 11:49:42 [INFO]  | |    | (___ | |        [CSC] Version: v1.21.27
2026-07-25 11:49:42 [INFO]  | |     \___ \| |        Minecraft Version: 1.20.1 forge
2026-07-25 11:49:42 [INFO]  | |____ ____) | |____    Problem/Feedback: Discord: https://discord.gg/rQV5JPauY7
2026-07-25 11:49:42 [INFO]   \_____|_____/ \_____|
2026-07-25 11:49:42 [INFO]                        
2026-07-25 11:49:42 [INFO] Security notice: Mod id whitelist mode is enabled. This feature restricts printing blocks from mods outside the whitelist to reduce the risk of blueprint vulnerabilities from unknown mods.
If the administrator already understands this security notice, disable the notice with: /csc notice whitelistid off
Control mod id whitelist mode: /csc mode whitelistid on|off
Open config/CSC/config.toml for more detailed configuration.
2026-07-25 15:08:38 [INFO] CSC close completely, thanks for using!
2026-07-25 15:12:33 [INFO] CSC is loading...   SuccessÔºÅ
2026-07-25 15:13:38 [INFO]    _____  _____  _____ 
2026-07-25 15:13:38 [INFO]   / ____|/ ____|/ ____|
2026-07-25 15:13:38 [INFO]  | |    | (___ | |        [CSC] Version: v1.21.27
2026-07-25 15:13:38 [INFO]  | |     \___ \| |        Minecraft Version: 1.20.1 forge
2026-07-25 15:13:38 [INFO]  | |____ ____) | |____    Problem/Feedback: Discord: https://discord.gg/rQV5JPauY7
2026-07-25 15:13:38 [INFO]   \_____|_____/ \_____|
2026-07-25 15:13:38 [INFO]                        
2026-07-25 15:13:38 [INFO] Security notice: Mod id whitelist mode is enabled. This feature restricts printing blocks from mods outside the whitelist to reduce the risk of blueprint vulnerabilities from unknown mods.
If the administrator already understands this security notice, disable the notice with: /csc notice whitelistid off
Control mod id whitelist mode: /csc mode whitelistid on|off
Open config/CSC/config.toml for more detailed configuration.
2026-07-25 15:20:11 [INFO] CSC close completely, thanks for using!
2026-07-25 17:14:24 [INFO] CSC is loading...   SuccessÔºÅ
2026-07-25 17:16:51 [INFO]    _____  _____  _____ 
2026-07-25 17:16:51 [INFO]   / ____|/ ____|/ ____|
2026-07-25 17:16:51 [INFO]  | |    | (___ | |        [CSC] Version: v1.21.27
2026-07-25 17:16:51 [INFO]  | |     \___ \| |        Minecraft Version: 1.20.1 forge
2026-07-25 17:16:51 [INFO]  | |____ ____) | |____    Problem/Feedback: Discord: https://discord.gg/rQV5JPauY7
2026-07-25 17:16:51 [INFO]   \_____|_____/ \_____|
2026-07-25 17:16:51 [INFO]                        
2026-07-25 17:16:51 [INFO] Security notice: Mod id whitelist mode is enabled. This feature restricts printing blocks from mods outside the whitelist to reduce the risk of blueprint vulnerabilities from unknown mods.
If the administrator already understands this security notice, disable the notice with: /csc notice whitelistid off
Control mod id whitelist mode: /csc mode whitelistid on|off
Open config/CSC/config.toml for more detailed configuration.
2026-07-25 17:27:55 [INFO] CSC close completely, thanks for using!
2026-07-25 17:29:24 [INFO]    _____  _____  _____ 
2026-07-25 17:29:24 [INFO]   / ____|/ ____|/ ____|
2026-07-25 17:29:24 [INFO]  | |    | (___ | |        [CSC] Version: v1.21.27
2026-07-25 17:29:24 [INFO]  | |     \___ \| |        Minecraft Version: 1.20.1 forge
2026-07-25 17:29:24 [INFO]  | |____ ____) | |____    Problem/Feedback: Discord: https://discord.gg/rQV5JPauY7
2026-07-25 17:29:24 [INFO]   \_____|_____/ \_____|
2026-07-25 17:29:24 [INFO]                        
2026-07-25 17:29:24 [INFO] Security notice: Mod id whitelist mode is enabled. This feature restricts printing blocks from mods outside the whitelist to reduce the risk of blueprint vulnerabilities from unknown mods.
If the administrator already understands this security notice, disable the notice with: /csc notice whitelistid off
Control mod id whitelist mode: /csc mode whitelistid on|off
Open config/CSC/config.toml for more detailed configuration.
2026-07-25 17:33:08 [INFO] CSC close completely, thanks for using!
2026-07-25 17:33:55 [INFO] CSC is loading...   SuccessÔºÅ
2026-07-25 17:34:42 [INFO]    _____  _____  _____ 
2026-07-25 17:34:42 [INFO]   / ____|/ ____|/ ____|
2026-07-25 17:34:42 [INFO]  | |    | (___ | |        [CSC] Version: v1.21.27
2026-07-25 17:34:42 [INFO]  | |     \___ \| |        Minecraft Version: 1.20.1 forge
2026-07-25 17:34:42 [INFO]  | |____ ____) | |____    Problem/Feedback: Discord: https://discord.gg/rQV5JPauY7
2026-07-25 17:34:42 [INFO]   \_____|_____/ \_____|
2026-07-25 17:34:42 [INFO]                        
2026-07-25 17:34:42 [INFO] Security notice: Mod id whitelist mode is enabled. This feature restricts printing blocks from mods outside the whitelist to reduce the risk of blueprint vulnerabilities from unknown mods.
If the administrator already understands this security notice, disable the notice with: /csc notice whitelistid off
Control mod id whitelist mode: /csc mode whitelistid on|off
Open config/CSC/config.toml for more detailed configuration.
2026-07-25 17:35:40 [INFO] CSC close completely, thanks for using!
2026-07-25 17:35:52 [INFO]    _____  _____  _____ 
2026-07-25 17:35:52 [INFO]   / ____|/ ____|/ ____|
2026-07-25 17:35:52 [INFO]  | |    | (___ | |        [CSC] Version: v1.21.27
2026-07-25 17:35:52 [INFO]  | |     \___ \| |        Minecraft Version: 1.20.1 forge
2026-07-25 17:35:52 [INFO]  | |____ ____) | |____    Problem/Feedback: Discord: https://discord.gg/rQV5JPauY7
2026-07-25 17:35:52 [INFO]   \_____|_____/ \_____|
2026-07-25 17:35:52 [INFO]                        
2026-07-25 17:35:52 [INFO] Security notice: Mod id whitelist mode is enabled. This feature restricts printing blocks from mods outside the whitelist to reduce the risk of blueprint vulnerabilities from unknown mods.
If the administrator already understands this security notice, disable the notice with: /csc notice whitelistid off
Control mod id whitelist mode: /csc mode whitelistid on|off
Open config/CSC/config.toml for more detailed configuration.
2026-07-25 17:36:53 [INFO] CSC close completely, thanks for using!
2026-07-25 17:37:03 [INFO]    _____  _____  _____ 
2026-07-25 17:37:03 [INFO]   / ____|/ ____|/ ____|
2026-07-25 17:37:03 [INFO]  | |    | (___ | |        [CSC] Version: v1.21.27
2026-07-25 17:37:03 [INFO]  | |     \___ \| |        Minecraft Version: 1.20.1 forge
2026-07-25 17:37:03 [INFO]  | |____ ____) | |____    Problem/Feedback: Discord: https://discord.gg/rQV5JPauY7
2026-07-25 17:37:03 [INFO]   \_____|_____/ \_____|
2026-07-25 17:37:03 [INFO]                        
2026-07-25 17:37:03 [INFO] Security notice: Mod id whitelist mode is enabled. This feature restricts printing blocks from mods outside the whitelist to reduce the risk of blueprint vulnerabilities from unknown mods.
If the administrator already understands this security notice, disable the notice with: /csc notice whitelistid off
Control mod id whitelist mode: /csc mode whitelistid on|off
Open config/CSC/config.toml for more detailed configuration.
2026-07-25 17:50:43 [INFO] CSC close completely, thanks for using!
2026-07-25 17:50:53 [INFO]    _____  _____  _____ 
2026-07-25 17:50:53 [INFO]   / ____|/ ____|/ ____|
2026-07-25 17:50:53 [INFO]  | |    | (___ | |        [CSC] Version: v1.21.27
2026-07-25 17:50:53 [INFO]  | |     \___ \| |        Minecraft Version: 1.20.1 forge
2026-07-25 17:50:53 [INFO]  | |____ ____) | |____    Problem/Feedback: Discord: https://discord.gg/rQV5JPauY7
2026-07-25 17:50:53 [INFO]   \_____|_____/ \_____|
2026-07-25 17:50:53 [INFO]                        
2026-07-25 17:50:53 [INFO] Security notice: Mod id whitelist mode is enabled. This feature restricts printing blocks from mods outside the whitelist to reduce the risk of blueprint vulnerabilities from unknown mods.
If the administrator already understands this security notice, disable the notice with: /csc notice whitelistid off
Control mod id whitelist mode: /csc mode whitelistid on|off
Open config/CSC/config.toml for more detailed configuration.
2026-07-25 17:51:02 [INFO] CSC close completely, thanks for using!
2026-07-25 17:51:14 [INFO]    _____  _____  _____ 
2026-07-25 17:51:14 [INFO]   / ____|/ ____|/ ____|
2026-07-25 17:51:14 [INFO]  | |    | (___ | |        [CSC] Version: v1.21.27
2026-07-25 17:51:14 [INFO]  | |     \___ \| |        Minecraft Version: 1.20.1 forge
2026-07-25 17:51:14 [INFO]  | |____ ____) | |____    Problem/Feedback: Discord: https://discord.gg/rQV5JPauY7
2026-07-25 17:51:14 [INFO]   \_____|_____/ \_____|
2026-07-25 17:51:14 [INFO]                        
2026-07-25 17:51:14 [INFO] Security notice: Mod id whitelist mode is enabled. This feature restricts printing blocks from mods outside the whitelist to reduce the risk of blueprint vulnerabilities from unknown mods.
If the administrator already understands this security notice, disable the notice with: /csc notice whitelistid off
Control mod id whitelist mode: /csc mode whitelistid on|off
Open config/CSC/config.toml for more detailed configuration.
2026-07-25 17:51:34 [INFO] CSC close completely, thanks for using!
2026-07-25 17:57:51 [INFO] CSC is loading...   SuccessÔºÅ
2026-07-25 17:58:27 [INFO]    _____  _____  _____ 
2026-07-25 17:58:27 [INFO]   / ____|/ ____|/ ____|
2026-07-25 17:58:27 [INFO]  | |    | (___ | |        [CSC] Version: v1.21.27
2026-07-25 17:58:27 [INFO]  | |     \___ \| |        Minecraft Version: 1.20.1 forge
2026-07-25 17:58:27 [INFO]  | |____ ____) | |____    Problem/Feedback: Discord: https://discord.gg/rQV5JPauY7
2026-07-25 17:58:27 [INFO]   \_____|_____/ \_____|
2026-07-25 17:58:27 [INFO]                        
2026-07-25 17:58:27 [INFO] Security notice: Mod id whitelist mode is enabled. This feature restricts printing blocks from mods outside the whitelist to reduce the risk of blueprint vulnerabilities from unknown mods.
If the administrator already understands this security notice, disable the notice with: /csc notice whitelistid off
Control mod id whitelist mode: /csc mode whitelistid on|off
Open config/CSC/config.toml for more detailed configuration.
2026-07-25 17:59:26 [INFO] CSC close completely, thanks for using!
2026-07-26 10:13:27 [INFO] CSC is loading...   SuccessÔºÅ
2026-07-26 10:13:52 [INFO]    _____  _____  _____ 
2026-07-26 10:13:52 [INFO]   / ____|/ ____|/ ____|
2026-07-26 10:13:52 [INFO]  | |    | (___ | |        [CSC] Version: v1.21.27
2026-07-26 10:13:52 [INFO]  | |     \___ \| |        Minecraft Version: 1.20.1 forge
2026-07-26 10:13:52 [INFO]  | |____ ____) | |____    Problem/Feedback: Discord: https://discord.gg/rQV5JPauY7
2026-07-26 10:13:52 [INFO]   \_____|_____/ \_____|
2026-07-26 10:13:52 [INFO]                        
2026-07-26 10:13:52 [INFO] Security notice: Mod id whitelist mode is enabled. This feature restricts printing blocks from mods outside the whitelist to reduce the risk of blueprint vulnerabilities from unknown mods.
If the administrator already understands this security notice, disable the notice with: /csc notice whitelistid off
Control mod id whitelist mode: /csc mode whitelistid on|off
Open config/CSC/config.toml for more detailed configuration.
2026-07-26 10:19:01 [INFO] CSC close completely, thanks for using!
2026-07-28 13:16:12 [INFO] CSC is loading...   SuccessÔºÅ
2026-07-28 13:18:20 [INFO]    _____  _____  _____ 
2026-07-28 13:18:20 [INFO]   / ____|/ ____|/ ____|
2026-07-28 13:18:20 [INFO]  | |    | (___ | |        [CSC] Version: v1.21.27
2026-07-28 13:18:20 [INFO]  | |     \___ \| |        Minecraft Version: 1.20.1 forge
2026-07-28 13:18:20 [INFO]  | |____ ____) | |____    Problem/Feedback: Discord: https://discord.gg/rQV5JPauY7
2026-07-28 13:18:20 [INFO]   \_____|_____/ \_____|
2026-07-28 13:18:20 [INFO]                        
2026-07-28 13:18:20 [INFO] Security notice: Mod id whitelist mode is enabled. This feature restricts printing blocks from mods outside the whitelist to reduce the risk of blueprint vulnerabilities from unknown mods.
If the administrator already understands this security notice, disable the notice with: /csc notice whitelistid off
Control mod id whitelist mode: /csc mode whitelistid on|off
Open config/CSC/config.toml for more detailed configuration.
2026-07-28 13:35:33 [INFO] CSC close completely, thanks for using!
2026-07-28 19:44:06 [INFO] CSC is loading...   SuccessÔºÅ
2026-07-28 19:45:01 [INFO]    _____  _____  _____ 
2026-07-28 19:45:01 [INFO]   / ____|/ ____|/ ____|
2026-07-28 19:45:01 [INFO]  | |    | (___ | |        [CSC] Version: v1.21.27
2026-07-28 19:45:01 [INFO]  | |     \___ \| |        Minecraft Version: 1.20.1 forge
2026-07-28 19:45:01 [INFO]  | |____ ____) | |____    Problem/Feedback: Discord: https://discord.gg/rQV5JPauY7
2026-07-28 19:45:01 [INFO]   \_____|_____/ \_____|
2026-07-28 19:45:01 [INFO]                        
2026-07-28 19:45:01 [INFO] Security notice: Mod id whitelist mode is enabled. This feature restricts printing blocks from mods outside the whitelist to reduce the risk of blueprint vulnerabilities from unknown mods.
If the administrator already understands this security notice, disable the notice with: /csc notice whitelistid off
Control mod id whitelist mode: /csc mode whitelistid on|off
Open config/CSC/config.toml for more detailed configuration.
2026-07-28 19:45:32 [INFO] CSC close completely, thanks for using!
2026-08-03 07:15:41 [INFO] CSC is loading...   SuccessÔºÅ
2026-08-03 07:16:06 [INFO]    _____  _____  _____ 
2026-08-03 07:16:06 [INFO]   / ____|/ ____|/ ____|
2026-08-03 07:16:06 [INFO]  | |    | (___ | |        [CSC] Version: v1.21.27
2026-08-03 07:16:06 [INFO]  | |     \___ \| |        Minecraft Version: 1.20.1 forge
2026-08-03 07:16:06 [INFO]  | |____ ____) | |____    Problem/Feedback: Discord: https://discord.gg/rQV5JPauY7
2026-08-03 07:16:06 [INFO]   \_____|_____/ \_____|
2026-08-03 07:16:06 [INFO]                        
2026-08-03 07:16:06 [INFO] Security notice: Mod id whitelist mode is enabled. This feature restricts printing blocks from mods outside the whitelist to reduce the risk of blueprint vulnerabilities from unknown mods.
If the administrator already understands this security notice, disable the notice with: /csc notice whitelistid off
Control mod id whitelist mode: /csc mode whitelistid on|off
Open config/CSC/config.toml for more detailed configuration.
2026-08-03 07:23:28 [INFO] CSC close completely, thanks for using!
2026-08-03 07:26:45 [INFO] CSC is loading...   SuccessÔºÅ
2026-08-03 07:27:08 [INFO]    _____  _____  _____ 
2026-08-03 07:27:08 [INFO]   / ____|/ ____|/ ____|
2026-08-03 07:27:08 [INFO]  | |    | (___ | |        [CSC] Version: v1.21.27
2026-08-03 07:27:08 [INFO]  | |     \___ \| |        Minecraft Version: 1.20.1 forge
2026-08-03 07:27:08 [INFO]  | |____ ____) | |____    Problem/Feedback: Discord: https://discord.gg/rQV5JPauY7
2026-08-03 07:27:08 [INFO]   \_____|_____/ \_____|
2026-08-03 07:27:08 [INFO]                        
2026-08-03 07:27:08 [INFO] Security notice: Mod id whitelist mode is enabled. This feature restricts printing blocks from mods outside the whitelist to reduce the risk of blueprint vulnerabilities from unknown mods.
If the administrator already understands this security notice, disable the notice with: /csc notice whitelistid off
Control mod id whitelist mode: /csc mode whitelistid on|off
Open config/CSC/config.toml for more detailed configuration.
2026-08-03 07:43:10 [INFO] CSC close completely, thanks for using!
2026-08-04 21:07:23 [INFO] CSC is loading...   SuccessÔºÅ
2026-08-04 21:07:47 [INFO]    _____  _____  _____ 
2026-08-04 21:07:47 [INFO]   / ____|/ ____|/ ____|
2026-08-04 21:07:47 [INFO]  | |    | (___ | |        [CSC] Version: v1.21.27
2026-08-04 21:07:47 [INFO]  | |     \___ \| |        Minecraft Version: 1.20.1 forge
2026-08-04 21:07:47 [INFO]  | |____ ____) | |____    Problem/Feedback: Discord: https://discord.gg/rQV5JPauY7
2026-08-04 21:07:47 [INFO]   \_____|_____/ \_____|
2026-08-04 21:07:47 [INFO]                        
2026-08-04 21:07:47 [INFO] Security notice: Mod id whitelist mode is enabled. This feature restricts printing blocks from mods outside the whitelist to reduce the risk of blueprint vulnerabilities from unknown mods.
If the administrator already understands this security notice, disable the notice with: /csc notice whitelistid off
Control mod id whitelist mode: /csc mode whitelistid on|off
Open config/CSC/config.toml for more detailed configuration.
2026-08-04 21:08:52 [INFO] CSC close completely, thanks for using!
2026-08-04 21:09:18 [INFO]    _____  _____  _____ 
2026-08-04 21:09:18 [INFO]   / ____|/ ____|/ ____|
2026-08-04 21:09:18 [INFO]  | |    | (___ | |        [CSC] Version: v1.21.27
2026-08-04 21:09:18 [INFO]  | |     \___ \| |        Minecraft Version: 1.20.1 forge
2026-08-04 21:09:18 [INFO]  | |____ ____) | |____    Problem/Feedback: Discord: https://discord.gg/rQV5JPauY7
2026-08-04 21:09:18 [INFO]   \_____|_____/ \_____|
2026-08-04 21:09:18 [INFO]                        
2026-08-04 21:09:18 [INFO] Security notice: Mod id whitelist mode is enabled. This feature restricts printing blocks from mods outside the whitelist to reduce the risk of blueprint vulnerabilities from unknown mods.
If the administrator already understands this security notice, disable the notice with: /csc notice whitelistid off
Control mod id whitelist mode: /csc mode whitelistid on|off
Open config/CSC/config.toml for more detailed configuration.
2026-08-04 21:16:06 [INFO] CSC close completely, thanks for using!
2026-08-04 21:16:20 [INFO]    _____  _____  _____ 
2026-08-04 21:16:20 [INFO]   / ____|/ ____|/ ____|
2026-08-04 21:16:20 [INFO]  | |    | (___ | |        [CSC] Version: v1.21.27
2026-08-04 21:16:20 [INFO]  | |     \___ \| |        Minecraft Version: 1.20.1 forge
2026-08-04 21:16:20 [INFO]  | |____ ____) | |____    Problem/Feedback: Discord: https://discord.gg/rQV5JPauY7
2026-08-04 21:16:20 [INFO]   \_____|_____/ \_____|
2026-08-04 21:16:20 [INFO]                        
2026-08-04 21:16:20 [INFO] Security notice: Mod id whitelist mode is enabled. This feature restricts printing blocks from mods outside the whitelist to reduce the risk of blueprint vulnerabilities from unknown mods.
If the administrator already understands this security notice, disable the notice with: /csc notice whitelistid off
Control mod id whitelist mode: /csc mode whitelistid on|off
Open config/CSC/config.toml for more detailed configuration.
2026-08-04 21:16:53 [INFO] CSC close completely, thanks for using!
2026-08-04 21:17:02 [INFO]    _____  _____  _____ 
2026-08-04 21:17:02 [INFO]   / ____|/ ____|/ ____|
2026-08-04 21:17:02 [INFO]  | |    | (___ | |        [CSC] Version: v1.21.27
2026-08-04 21:17:02 [INFO]  | |     \___ \| |        Minecraft Version: 1.20.1 forge
2026-08-04 21:17:02 [INFO]  | |____ ____) | |____    Problem/Feedback: Discord: https://discord.gg/rQV5JPauY7
2026-08-04 21:17:02 [INFO]   \_____|_____/ \_____|
2026-08-04 21:17:02 [INFO]                        
2026-08-04 21:17:02 [INFO] Security notice: Mod id whitelist mode is enabled. This feature restricts printing blocks from mods outside the whitelist to reduce the risk of blueprint vulnerabilities from unknown mods.
If the administrator already understands this security notice, disable the notice with: /csc notice whitelistid off
Control mod id whitelist mode: /csc mode whitelistid on|off
Open config/CSC/config.toml for more detailed configuration.
2026-08-04 21:48:28 [INFO] CSC close completely, thanks for using!
2026-08-04 21:49:33 [INFO] CSC is loading...   SuccessÔºÅ
2026-08-04 22:00:16 [INFO]    _____  _____  _____ 
2026-08-04 22:00:16 [INFO]   / ____|/ ____|/ ____|
2026-08-04 22:00:16 [INFO]  | |    | (___ | |        [CSC] Version: v1.21.27
2026-08-04 22:00:16 [INFO]  | |     \___ \| |        Minecraft Version: 1.20.1 forge
2026-08-04 22:00:16 [INFO]  | |____ ____) | |____    Problem/Feedback: Discord: https://discord.gg/rQV5JPauY7
2026-08-04 22:00:16 [INFO]   \_____|_____/ \_____|
2026-08-04 22:00:16 [INFO]                        
2026-08-04 22:00:16 [INFO] Security notice: Mod id whitelist mode is enabled. This feature restricts printing blocks from mods outside the whitelist to reduce the risk of blueprint vulnerabilities from unknown mods.
If the administrator already understands this security notice, disable the notice with: /csc notice whitelistid off
Control mod id whitelist mode: /csc mode whitelistid on|off
Open config/CSC/config.toml for more detailed configuration.
2026-08-04 22:01:38 [INFO] CSC close completely, thanks for using!
2026-08-04 22:01:47 [INFO]    _____  _____  _____ 
2026-08-04 22:01:47 [INFO]   / ____|/ ____|/ ____|
2026-08-04 22:01:47 [INFO]  | |    | (___ | |        [CSC] Version: v1.21.27
2026-08-04 22:01:47 [INFO]  | |     \___ \| |        Minecraft Version: 1.20.1 forge
2026-08-04 22:01:47 [INFO]  | |____ ____) | |____    Problem/Feedback: Discord: https://discord.gg/rQV5JPauY7
2026-08-04 22:01:47 [INFO]   \_____|_____/ \_____|
2026-08-04 22:01:47 [INFO]                        
2026-08-04 22:01:47 [INFO] Security notice: Mod id whitelist mode is enabled. This feature restricts printing blocks from mods outside the whitelist to reduce the risk of blueprint vulnerabilities from unknown mods.
If the administrator already understands this security notice, disable the notice with: /csc notice whitelistid off
Control mod id whitelist mode: /csc mode whitelistid on|off
Open config/CSC/config.toml for more detailed configuration.
2026-08-04 22:03:11 [INFO] CSC close completely, thanks for using!
2026-08-04 22:03:20 [INFO]    _____  _____  _____ 
2026-08-04 22:03:20 [INFO]   / ____|/ ____|/ ____|
2026-08-04 22:03:20 [INFO]  | |    | (___ | |        [CSC] Version: v1.21.27
2026-08-04 22:03:20 [INFO]  | |     \___ \| |        Minecraft Version: 1.20.1 forge
2026-08-04 22:03:20 [INFO]  | |____ ____) | |____    Problem/Feedback: Discord: https://discord.gg/rQV5JPauY7
2026-08-04 22:03:20 [INFO]   \_____|_____/ \_____|
2026-08-04 22:03:20 [INFO]                        
2026-08-04 22:03:20 [INFO] Security notice: Mod id whitelist mode is enabled. This feature restricts printing blocks from mods outside the whitelist to reduce the risk of blueprint vulnerabilities from unknown mods.
If the administrator already understands this security notice, disable the notice with: /csc notice whitelistid off
Control mod id whitelist mode: /csc mode whitelistid on|off
Open config/CSC/config.toml for more detailed configuration.
2026-08-04 22:05:41 [INFO] CSC close completely, thanks for using!
2026-08-04 22:06:42 [INFO] CSC is loading...   SuccessÔºÅ
2026-08-04 22:07:05 [INFO]    _____  _____  _____ 
2026-08-04 22:07:05 [INFO]   / ____|/ ____|/ ____|
2026-08-04 22:07:05 [INFO]  | |    | (___ | |        [CSC] Version: v1.21.27
2026-08-04 22:07:05 [INFO]  | |     \___ \| |        Minecraft Version: 1.20.1 forge
2026-08-04 22:07:05 [INFO]  | |____ ____) | |____    Problem/Feedback: Discord: https://discord.gg/rQV5JPauY7
2026-08-04 22:07:05 [INFO]   \_____|_____/ \_____|
2026-08-04 22:07:05 [INFO]                        
2026-08-04 22:07:05 [INFO] Security notice: Mod id whitelist mode is enabled. This feature restricts printing blocks from mods outside the whitelist to reduce the risk of blueprint vulnerabilities from unknown mods.
If the administrator already understands this security notice, disable the notice with: /csc notice whitelistid off
Control mod id whitelist mode: /csc mode whitelistid on|off
Open config/CSC/config.toml for more detailed configuration.
2026-08-04 22:16:16 [INFO] CSC close completely, thanks for using!
2026-08-04 22:24:50 [INFO] CSC is loading...   SuccessÔºÅ
2026-08-04 22:27:41 [INFO]    _____  _____  _____ 
2026-08-04 22:27:41 [INFO]   / ____|/ ____|/ ____|
2026-08-04 22:27:41 [INFO]  | |    | (___ | |        [CSC] Version: v1.21.27
2026-08-04 22:27:41 [INFO]  | |     \___ \| |        Minecraft Version: 1.20.1 forge
2026-08-04 22:27:41 [INFO]  | |____ ____) | |____    Problem/Feedback: Discord: https://discord.gg/rQV5JPauY7
2026-08-04 22:27:41 [INFO]   \_____|_____/ \_____|
2026-08-04 22:27:41 [INFO]                        
2026-08-04 22:27:41 [INFO] Security notice: Mod id whitelist mode is enabled. This feature restricts printing blocks from mods outside the whitelist to reduce the risk of blueprint vulnerabilities from unknown mods.
If the administrator already understands this security notice, disable the notice with: /csc notice whitelistid off
Control mod id whitelist mode: /csc mode whitelistid on|off
Open config/CSC/config.toml for more detailed configuration.
2026-08-04 22:34:10 [INFO] CSC close completely, thanks for using!
2026-08-04 22:34:59 [INFO] CSC is loading...   SuccessÔºÅ
2026-08-04 22:35:30 [INFO]    _____  _____  _____ 
2026-08-04 22:35:30 [INFO]   / ____|/ ____|/ ____|
2026-08-04 22:35:30 [INFO]  | |    | (___ | |        [CSC] Version: v1.21.27
2026-08-04 22:35:30 [INFO]  | |     \___ \| |        Minecraft Version: 1.20.1 forge
2026-08-04 22:35:30 [INFO]  | |____ ____) | |____    Problem/Feedback: Discord: https://discord.gg/rQV5JPauY7
2026-08-04 22:35:30 [INFO]   \_____|_____/ \_____|
2026-08-04 22:35:30 [INFO]                        
2026-08-04 22:35:30 [INFO] Security notice: Mod id whitelist mode is enabled. This feature restricts printing blocks from mods outside the whitelist to reduce the risk of blueprint vulnerabilities from unknown mods.
If the administrator already understands this security notice, disable the notice with: /csc notice whitelistid off
Control mod id whitelist mode: /csc mode whitelistid on|off
Open config/CSC/config.toml for more detailed configuration.
2026-08-04 22:36:43 [INFO] CSC close completely, thanks for using!
2026-08-04 22:36:52 [INFO]    _____  _____  _____ 
2026-08-04 22:36:52 [INFO]   / ____|/ ____|/ ____|
2026-08-04 22:36:52 [INFO]  | |    | (___ | |        [CSC] Version: v1.21.27
2026-08-04 22:36:52 [INFO]  | |     \___ \| |        Minecraft Version: 1.20.1 forge
2026-08-04 22:36:52 [INFO]  | |____ ____) | |____    Problem/Feedback: Discord: https://discord.gg/rQV5JPauY7
2026-08-04 22:36:52 [INFO]   \_____|_____/ \_____|
2026-08-04 22:36:52 [INFO]                        
2026-08-04 22:36:52 [INFO] Security notice: Mod id whitelist mode is enabled. This feature restricts printing blocks from mods outside the whitelist to reduce the risk of blueprint vulnerabilities from unknown mods.
If the administrator already understands this security notice, disable the notice with: /csc notice whitelistid off
Control mod id whitelist mode: /csc mode whitelistid on|off
Open config/CSC/config.toml for more detailed configuration.
2026-08-04 22:37:20 [INFO] CSC close completely, thanks for using!
2026-08-04 22:40:36 [INFO]    _____  _____  _____ 
2026-08-04 22:40:36 [INFO]   / ____|/ ____|/ ____|
2026-08-04 22:40:36 [INFO]  | |    | (___ | |        [CSC] Version: v1.21.27
2026-08-04 22:40:36 [INFO]  | |     \___ \| |        Minecraft Version: 1.20.1 forge
2026-08-04 22:40:36 [INFO]  | |____ ____) | |____    Problem/Feedback: Discord: https://discord.gg/rQV5JPauY7
2026-08-04 22:40:36 [INFO]   \_____|_____/ \_____|
2026-08-04 22:40:36 [INFO]                        
2026-08-04 22:40:36 [INFO] Security notice: Mod id whitelist mode is enabled. This feature restricts printing blocks from mods outside the whitelist to reduce the risk of blueprint vulnerabilities from unknown mods.
If the administrator already understands this security notice, disable the notice with: /csc notice whitelistid off
Control mod id whitelist mode: /csc mode whitelistid on|off
Open config/CSC/config.toml for more detailed configuration.
2026-08-04 22:42:45 [INFO] CSC close completely, thanks for using!
2026-08-04 22:42:55 [INFO]    _____  _____  _____ 
2026-08-04 22:42:55 [INFO]   / ____|/ ____|/ ____|
2026-08-04 22:42:55 [INFO]  | |    | (___ | |        [CSC] Version: v1.21.27
2026-08-04 22:42:55 [INFO]  | |     \___ \| |        Minecraft Version: 1.20.1 forge
2026-08-04 22:42:55 [INFO]  | |____ ____) | |____    Problem/Feedback: Discord: https://discord.gg/rQV5JPauY7
2026-08-04 22:42:55 [INFO]   \_____|_____/ \_____|
2026-08-04 22:42:55 [INFO]                        
2026-08-04 22:42:55 [INFO] Security notice: Mod id whitelist mode is enabled. This feature restricts printing blocks from mods outside the whitelist to reduce the risk of blueprint vulnerabilities from unknown mods.
If the administrator already understands this security notice, disable the notice with: /csc notice whitelistid off
Control mod id whitelist mode: /csc mode whitelistid on|off
Open config/CSC/config.toml for more detailed configuration.
2026-08-04 22:53:49 [INFO] CSC close completely, thanks for using!
2026-08-05 09:01:32 [INFO] CSC is loading...   SuccessÔºÅ
2026-08-05 09:02:14 [INFO]    _____  _____  _____ 
2026-08-05 09:02:14 [INFO]   / ____|/ ____|/ ____|
2026-08-05 09:02:14 [INFO]  | |    | (___ | |        [CSC] Version: v1.21.27
2026-08-05 09:02:14 [INFO]  | |     \___ \| |        Minecraft Version: 1.20.1 forge
2026-08-05 09:02:14 [INFO]  | |____ ____) | |____    Problem/Feedback: Discord: https://discord.gg/rQV5JPauY7
2026-08-05 09:02:14 [INFO]   \_____|_____/ \_____|
2026-08-05 09:02:14 [INFO]                        
2026-08-05 09:02:14 [INFO] Security notice: Mod id whitelist mode is enabled. This feature restricts printing blocks from mods outside the whitelist to reduce the risk of blueprint vulnerabilities from unknown mods.
If the administrator already understands this security notice, disable the notice with: /csc notice whitelistid off
Control mod id whitelist mode: /csc mode whitelistid on|off
Open config/CSC/config.toml for more detailed configuration.
2026-08-05 09:08:33 [INFO] CSC close completely, thanks for using!
2026-08-06 17:22:27 [INFO] CSC is loading...   SuccessÔºÅ
2026-08-06 17:23:40 [INFO]    _____  _____  _____ 
2026-08-06 17:23:40 [INFO]   / ____|/ ____|/ ____|
2026-08-06 17:23:40 [INFO]  | |    | (___ | |        [CSC] Version: v1.21.27
2026-08-06 17:23:40 [INFO]  | |     \___ \| |        Minecraft Version: 1.20.1 forge
2026-08-06 17:23:40 [INFO]  | |____ ____) | |____    Problem/Feedback: Discord: https://discord.gg/rQV5JPauY7
2026-08-06 17:23:40 [INFO]   \_____|_____/ \_____|
2026-08-06 17:23:40 [INFO]                        
2026-08-06 17:23:40 [INFO] Security notice: Mod id whitelist mode is enabled. This feature restricts printing blocks from mods outside the whitelist to reduce the risk of blueprint vulnerabilities from unknown mods.
If the administrator already understands this security notice, disable the notice with: /csc notice whitelistid off
Control mod id whitelist mode: /csc mode whitelistid on|off
Open config/CSC/config.toml for more detailed configuration.
2026-08-06 18:28:51 [INFO] CSC close completely, thanks for using!
2026-08-08 08:33:03 [INFO] CSC is loading...   Success?
2026-08-08 09:06:59 [INFO]    _____  _____  _____ 
2026-08-08 09:06:59 [INFO]   / ____|/ ____|/ ____|
2026-08-08 09:06:59 [INFO]  | |    | (___ | |        [CSC] Version: v0.21.18
2026-08-08 09:06:59 [INFO]  | |     \___ \| |        Minecraft Version: 1.20.1 forge
2026-08-08 09:06:59 [INFO]  | |____ ____) | |____    Problem/Feedback: Tencent QQ?1061133894
2026-08-08 09:06:59 [INFO]   \_____|_____/ \_____|
2026-08-08 09:06:59 [INFO]                        
2026-08-08 09:43:45 [INFO] CSC close completely, thanks for using!
2026-08-08 12:08:11 [INFO] CSC is loading...   Success?
2026-08-08 12:08:40 [INFO]    _____  _____  _____ 
2026-08-08 12:08:40 [INFO]   / ____|/ ____|/ ____|
2026-08-08 12:08:40 [INFO]  | |    | (___ | |        [CSC] Version: v0.21.18
2026-08-08 12:08:40 [INFO]  | |     \___ \| |        Minecraft Version: 1.20.1 forge
2026-08-08 12:08:40 [INFO]  | |____ ____) | |____    Problem/Feedback: Tencent QQ?1061133894
2026-08-08 12:08:40 [INFO]   \_____|_____/ \_____|
2026-08-08 12:08:40 [INFO]                        
2026-08-08 13:17:38 [INFO] CSC close completely, thanks for using!
2026-08-08 13:18:12 [INFO]    _____  _____  _____ 
2026-08-08 13:18:12 [INFO]   / ____|/ ____|/ ____|
2026-08-08 13:18:12 [INFO]  | |    | (___ | |        [CSC] Version: v0.21.18
2026-08-08 13:18:12 [INFO]  | |     \___ \| |        Minecraft Version: 1.20.1 forge
2026-08-08 13:18:12 [INFO]  | |____ ____) | |____    Problem/Feedback: Tencent QQ?1061133894
2026-08-08 13:18:12 [INFO]   \_____|_____/ \_____|
2026-08-08 13:18:12 [INFO]                        
2026-08-08 13:25:09 [INFO] CSC close completely, thanks for using!
2026-08-08 13:26:39 [INFO] CSC is loading...   Success?
2026-08-08 13:27:25 [INFO]    _____  _____  _____ 
2026-08-08 13:27:25 [INFO]   / ____|/ ____|/ ____|
2026-08-08 13:27:25 [INFO]  | |    | (___ | |        [CSC] Version: v0.21.18
2026-08-08 13:27:25 [INFO]  | |     \___ \| |        Minecraft Version: 1.20.1 forge
2026-08-08 13:27:25 [INFO]  | |____ ____) | |____    Problem/Feedback: Tencent QQ?1061133894
2026-08-08 13:27:25 [INFO]   \_____|_____/ \_____|
2026-08-08 13:27:25 [INFO]                        
2026-08-08 13:34:37 [INFO] CSC close completely, thanks for using!
2026-08-08 14:00:31 [INFO] CSC is loading...   Success?
2026-08-08 14:24:04 [INFO] CSC is loading...   Success?
2026-08-08 14:26:01 [INFO]    _____  _____  _____ 
2026-08-08 14:26:01 [INFO]   / ____|/ ____|/ ____|
2026-08-08 14:26:01 [INFO]  | |    | (___ | |        [CSC] Version: v0.21.18
2026-08-08 14:26:01 [INFO]  | |     \___ \| |        Minecraft Version: 1.20.1 forge
2026-08-08 14:26:01 [INFO]  | |____ ____) | |____    Problem/Feedback: Tencent QQ?1061133894
2026-08-08 14:26:01 [INFO]   \_____|_____/ \_____|
2026-08-08 14:26:01 [INFO]                        
2026-08-08 14:26:55 [INFO] CSC close completely, thanks for using!
2026-08-09 08:24:12 [INFO] CSC is loading...   Success?
2026-08-09 08:27:01 [INFO]    _____  _____  _____ 
2026-08-09 08:27:01 [INFO]   / ____|/ ____|/ ____|
2026-08-09 08:27:01 [INFO]  | |    | (___ | |        [CSC] Version: v0.21.18
2026-08-09 08:27:01 [INFO]  | |     \___ \| |        Minecraft Version: 1.20.1 forge
2026-08-09 08:27:01 [INFO]  | |____ ____) | |____    Problem/Feedback: Tencent QQ?1061133894
2026-08-09 08:27:01 [INFO]   \_____|_____/ \_____|
2026-08-09 08:27:01 [INFO]                        
2026-08-09 09:42:26 [INFO] CSC close completely, thanks for using!
2026-08-10 21:50:25 [INFO] CSC is loading...   Success?
2026-08-10 21:51:41 [INFO]    _____  _____  _____ 
2026-08-10 21:51:41 [INFO]   / ____|/ ____|/ ____|
2026-08-10 21:51:41 [INFO]  | |    | (___ | |        [CSC] Version: v0.21.18
2026-08-10 21:51:41 [INFO]  | |     \___ \| |        Minecraft Version: 1.20.1 forge
2026-08-10 21:51:41 [INFO]  | |____ ____) | |____    Problem/Feedback: Tencent QQ?1061133894
2026-08-10 21:51:41 [INFO]   \_____|_____/ \_____|
2026-08-10 21:51:41 [INFO]                        
2026-08-10 21:55:23 [INFO] CSC close completely, thanks for using!
2026-08-10 21:55:35 [INFO]    _____  _____  _____ 
2026-08-10 21:55:35 [INFO]   / ____|/ ____|/ ____|
2026-08-10 21:55:35 [INFO]  | |    | (___ | |        [CSC] Version: v0.21.18
2026-08-10 21:55:35 [INFO]  | |     \___ \| |        Minecraft Version: 1.20.1 forge
2026-08-10 21:55:35 [INFO]  | |____ ____) | |____    Problem/Feedback: Tencent QQ?1061133894
2026-08-10 21:55:35 [INFO]   \_____|_____/ \_____|
2026-08-10 21:55:35 [INFO]                        
2026-08-10 21:57:10 [INFO] CSC close completely, thanks for using!
2026-08-10 21:58:05 [INFO] CSC is loading...   Success?
2026-08-10 21:59:02 [INFO]    _____  _____  _____ 
2026-08-10 21:59:02 [INFO]   / ____|/ ____|/ ____|
2026-08-10 21:59:02 [INFO]  | |    | (___ | |        [CSC] Version: v0.21.18
2026-08-10 21:59:02 [INFO]  | |     \___ \| |        Minecraft Version: 1.20.1 forge
2026-08-10 21:59:02 [INFO]  | |____ ____) | |____    Problem/Feedback: Tencent QQ?1061133894
2026-08-10 21:59:02 [INFO]   \_____|_____/ \_____|
2026-08-10 21:59:02 [INFO]                        
2026-08-10 22:01:20 [INFO] CSC close completely, thanks for using!
2026-08-11 13:34:54 [INFO] CSC is loading...   Success?
2026-08-11 13:37:51 [INFO]    _____  _____  _____ 
2026-08-11 13:37:51 [INFO]   / ____|/ ____|/ ____|
2026-08-11 13:37:51 [INFO]  | |    | (___ | |        [CSC] Version: v0.21.18
2026-08-11 13:37:51 [INFO]  | |     \___ \| |        Minecraft Version: 1.20.1 forge
2026-08-11 13:37:51 [INFO]  | |____ ____) | |____    Problem/Feedback: Tencent QQ?1061133894
2026-08-11 13:37:51 [INFO]   \_____|_____/ \_____|
2026-08-11 13:37:51 [INFO]                        
2026-08-11 13:38:13 [INFO] CSC close completely, thanks for using!
2026-08-12 12:20:43 [INFO] CSC is loading...   Success?
2026-08-12 12:45:53 [INFO]    _____  _____  _____ 
2026-08-12 12:45:53 [INFO]   / ____|/ ____|/ ____|
2026-08-12 12:45:53 [INFO]  | |    | (___ | |        [CSC] Version: v0.21.18
2026-08-12 12:45:53 [INFO]  | |     \___ \| |        Minecraft Version: 1.20.1 forge
2026-08-12 12:45:53 [INFO]  | |____ ____) | |____    Problem/Feedback: Tencent QQ?1061133894
2026-08-12 12:45:53 [INFO]   \_____|_____/ \_____|
2026-08-12 12:45:53 [INFO]                        
2026-08-12 13:06:53 [INFO] CSC close completely, thanks for using!
2026-08-12 13:07:18 [INFO]    _____  _____  _____ 
2026-08-12 13:07:18 [INFO]   / ____|/ ____|/ ____|
2026-08-12 13:07:18 [INFO]  | |    | (___ | |        [CSC] Version: v0.21.18
2026-08-12 13:07:18 [INFO]  | |     \___ \| |        Minecraft Version: 1.20.1 forge
2026-08-12 13:07:18 [INFO]  | |____ ____) | |____    Problem/Feedback: Tencent QQ?1061133894
2026-08-12 13:07:18 [INFO]   \_____|_____/ \_____|
2026-08-12 13:07:18 [INFO]                        
2026-08-12 13:09:08 [INFO] CSC close completely, thanks for using!
2026-08-14 14:00:29 [INFO] CSC is loading...   Success?
2026-08-14 14:00:57 [INFO]    _____  _____  _____ 
2026-08-14 14:00:57 [INFO]   / ____|/ ____|/ ____|
2026-08-14 14:00:57 [INFO]  | |    | (___ | |        [CSC] Version: v0.21.18
2026-08-14 14:00:57 [INFO]  | |     \___ \| |        Minecraft Version: 1.20.1 forge
2026-08-14 14:00:57 [INFO]  | |____ ____) | |____    Problem/Feedback: Tencent QQ?1061133894
2026-08-14 14:00:57 [INFO]   \_____|_____/ \_____|
2026-08-14 14:00:57 [INFO]                        
2026-08-14 14:01:36 [INFO] CSC close completely, thanks for using!
2026-08-14 14:02:57 [INFO] CSC is loading...   Success?
2026-08-14 14:07:01 [INFO]    _____  _____  _____ 
2026-08-14 14:07:01 [INFO]   / ____|/ ____|/ ____|
2026-08-14 14:07:01 [INFO]  | |    | (___ | |        [CSC] Version: v0.21.18
2026-08-14 14:07:01 [INFO]  | |     \___ \| |        Minecraft Version: 1.20.1 forge
2026-08-14 14:07:01 [INFO]  | |____ ____) | |____    Problem/Feedback: Tencent QQ?1061133894
2026-08-14 14:07:01 [INFO]   \_____|_____/ \_____|
2026-08-14 14:07:01 [INFO]                        
2026-08-14 14:07:28 [INFO] CSC close completely, thanks for using!
2026-08-14 14:08:27 [INFO] CSC is loading...   Success?
2026-08-14 14:19:01 [INFO]    _____  _____  _____ 
2026-08-14 14:19:01 [INFO]   / ____|/ ____|/ ____|
2026-08-14 14:19:01 [INFO]  | |    | (___ | |        [CSC] Version: v0.21.18
2026-08-14 14:19:01 [INFO]  | |     \___ \| |        Minecraft Version: 1.20.1 forge
2026-08-14 14:19:01 [INFO]  | |____ ____) | |____    Problem/Feedback: Tencent QQ?1061133894
2026-08-14 14:19:01 [INFO]   \_____|_____/ \_____|
2026-08-14 14:19:01 [INFO]                        
2026-08-14 14:20:37 [INFO] CSC close completely, thanks for using!
2026-08-15 09:07:20 [INFO] CSC is loading...   Success?
2026-08-15 09:07:53 [INFO]    _____  _____  _____ 
2026-08-15 09:07:53 [INFO]   / ____|/ ____|/ ____|
2026-08-15 09:07:53 [INFO]  | |    | (___ | |        [CSC] Version: v0.21.18
2026-08-15 09:07:53 [INFO]  | |     \___ \| |        Minecraft Version: 1.20.1 forge
2026-08-15 09:07:53 [INFO]  | |____ ____) | |____    Problem/Feedback: Tencent QQ?1061133894
2026-08-15 09:07:53 [INFO]   \_____|_____/ \_____|
2026-08-15 09:07:53 [INFO]                        
2026-08-15 09:14:10 [INFO] CSC close completely, thanks for using!
2026-08-15 09:14:24 [INFO]    _____  _____  _____ 
2026-08-15 09:14:24 [INFO]   / ____|/ ____|/ ____|
2026-08-15 09:14:24 [INFO]  | |    | (___ | |        [CSC] Version: v0.21.18
2026-08-15 09:14:24 [INFO]  | |     \___ \| |        Minecraft Version: 1.20.1 forge
2026-08-15 09:14:24 [INFO]  | |____ ____) | |____    Problem/Feedback: Tencent QQ?1061133894
2026-08-15 09:14:24 [INFO]   \_____|_____/ \_____|
2026-08-15 09:14:24 [INFO]                        
2026-08-15 09:24:00 [INFO] CSC close completely, thanks for using!
2026-08-15 09:24:10 [INFO]    _____  _____  _____ 
2026-08-15 09:24:10 [INFO]   / ____|/ ____|/ ____|
2026-08-15 09:24:10 [INFO]  | |    | (___ | |        [CSC] Version: v0.21.18
2026-08-15 09:24:10 [INFO]  | |     \___ \| |        Minecraft Version: 1.20.1 forge
2026-08-15 09:24:10 [INFO]  | |____ ____) | |____    Problem/Feedback: Tencent QQ?1061133894
2026-08-15 09:24:10 [INFO]   \_____|_____/ \_____|
2026-08-15 09:24:10 [INFO]                        
2026-08-15 09:26:26 [INFO] CSC close completely, thanks for using!
2026-08-15 09:26:35 [INFO]    _____  _____  _____ 
2026-08-15 09:26:35 [INFO]   / ____|/ ____|/ ____|
2026-08-15 09:26:35 [INFO]  | |    | (___ | |        [CSC] Version: v0.21.18
2026-08-15 09:26:35 [INFO]  | |     \___ \| |        Minecraft Version: 1.20.1 forge
2026-08-15 09:26:35 [INFO]  | |____ ____) | |____    Problem/Feedback: Tencent QQ?1061133894
2026-08-15 09:26:35 [INFO]   \_____|_____/ \_____|
2026-08-15 09:26:35 [INFO]                        
2026-08-15 10:35:34 [INFO] CSC close completely, thanks for using!
2026-08-15 10:40:31 [INFO] CSC is loading...   Success?
2026-08-15 10:41:02 [INFO]    _____  _____  _____ 
2026-08-15 10:41:02 [INFO]   / ____|/ ____|/ ____|
2026-08-15 10:41:02 [INFO]  | |    | (___ | |        [CSC] Version: v0.21.18
2026-08-15 10:41:02 [INFO]  | |     \___ \| |        Minecraft Version: 1.20.1 forge
2026-08-15 10:41:02 [INFO]  | |____ ____) | |____    Problem/Feedback: Tencent QQ?1061133894
2026-08-15 10:41:02 [INFO]   \_____|_____/ \_____|
2026-08-15 10:41:02 [INFO]                        
2026-08-15 10:44:51 [INFO] CSC close completely, thanks for using!
2026-08-15 10:45:36 [INFO] CSC is loading...   Success?
2026-08-15 10:46:08 [INFO]    _____  _____  _____ 
2026-08-15 10:46:08 [INFO]   / ____|/ ____|/ ____|
2026-08-15 10:46:08 [INFO]  | |    | (___ | |        [CSC] Version: v0.21.18
2026-08-15 10:46:08 [INFO]  | |     \___ \| |        Minecraft Version: 1.20.1 forge
2026-08-15 10:46:08 [INFO]  | |____ ____) | |____    Problem/Feedback: Tencent QQ?1061133894
2026-08-15 10:46:08 [INFO]   \_____|_____/ \_____|
2026-08-15 10:46:08 [INFO]                        
2026-08-15 10:55:16 [INFO] CSC close completely, thanks for using!
2026-08-15 10:56:43 [INFO]    _____  _____  _____ 
2026-08-15 10:56:43 [INFO]   / ____|/ ____|/ ____|
2026-08-15 10:56:43 [INFO]  | |    | (___ | |        [CSC] Version: v0.21.18
2026-08-15 10:56:43 [INFO]  | |     \___ \| |        Minecraft Version: 1.20.1 forge
2026-08-15 10:56:43 [INFO]  | |____ ____) | |____    Problem/Feedback: Tencent QQ?1061133894
2026-08-15 10:56:43 [INFO]   \_____|_____/ \_____|
2026-08-15 10:56:43 [INFO]                        
2026-08-15 11:00:34 [INFO] CSC close completely, thanks for using!
2026-08-15 11:01:20 [INFO] CSC is loading...   Success?
2026-08-15 11:02:19 [INFO]    _____  _____  _____ 
2026-08-15 11:02:19 [INFO]   / ____|/ ____|/ ____|
2026-08-15 11:02:19 [INFO]  | |    | (___ | |        [CSC] Version: v0.21.18
2026-08-15 11:02:19 [INFO]  | |     \___ \| |        Minecraft Version: 1.20.1 forge
2026-08-15 11:02:19 [INFO]  | |____ ____) | |____    Problem/Feedback: Tencent QQ?1061133894
2026-08-15 11:02:19 [INFO]   \_____|_____/ \_____|
2026-08-15 11:02:19 [INFO]                        
2026-08-15 11:51:08 [INFO] CSC close completely, thanks for using!
2026-08-15 11:57:21 [INFO] CSC is loading...   Success?
2026-08-15 11:58:16 [INFO]    _____  _____  _____ 
2026-08-15 11:58:16 [INFO]   / ____|/ ____|/ ____|
2026-08-15 11:58:16 [INFO]  | |    | (___ | |        [CSC] Version: v0.21.18
2026-08-15 11:58:16 [INFO]  | |     \___ \| |        Minecraft Version: 1.20.1 forge
2026-08-15 11:58:16 [INFO]  | |____ ____) | |____    Problem/Feedback: Tencent QQ?1061133894
2026-08-15 11:58:16 [INFO]   \_____|_____/ \_____|
2026-08-15 11:58:16 [INFO]                        
2026-08-15 12:05:11 [INFO] CSC close completely, thanks for using!
2026-08-15 12:05:36 [INFO]    _____  _____  _____ 
2026-08-15 12:05:36 [INFO]   / ____|/ ____|/ ____|
2026-08-15 12:05:36 [INFO]  | |    | (___ | |        [CSC] Version: v0.21.18
2026-08-15 12:05:36 [INFO]  | |     \___ \| |        Minecraft Version: 1.20.1 forge
2026-08-15 12:05:36 [INFO]  | |____ ____) | |____    Problem/Feedback: Tencent QQ?1061133894
2026-08-15 12:05:36 [INFO]   \_____|_____/ \_____|
2026-08-15 12:05:36 [INFO]                        
2026-08-15 12:12:30 [INFO] CSC close completely, thanks for using!
2026-08-15 12:13:50 [INFO] CSC is loading...   Success?
2026-08-15 12:15:22 [INFO]    _____  _____  _____ 
2026-08-15 12:15:22 [INFO]   / ____|/ ____|/ ____|
2026-08-15 12:15:22 [INFO]  | |    | (___ | |        [CSC] Version: v0.21.18
2026-08-15 12:15:22 [INFO]  | |     \___ \| |        Minecraft Version: 1.20.1 forge
2026-08-15 12:15:22 [INFO]  | |____ ____) | |____    Problem/Feedback: Tencent QQ?1061133894
2026-08-15 12:15:22 [INFO]   \_____|_____/ \_____|
2026-08-15 12:15:22 [INFO]                        
2026-08-15 12:16:23 [INFO] CSC close completely, thanks for using!
2026-08-15 12:16:34 [INFO]    _____  _____  _____ 
2026-08-15 12:16:34 [INFO]   / ____|/ ____|/ ____|
2026-08-15 12:16:34 [INFO]  | |    | (___ | |        [CSC] Version: v0.21.18
2026-08-15 12:16:34 [INFO]  | |     \___ \| |        Minecraft Version: 1.20.1 forge
2026-08-15 12:16:34 [INFO]  | |____ ____) | |____    Problem/Feedback: Tencent QQ?1061133894
2026-08-15 12:16:34 [INFO]   \_____|_____/ \_____|
2026-08-15 12:16:34 [INFO]                        
2026-08-15 12:21:51 [INFO] CSC close completely, thanks for using!
2026-08-15 12:50:30 [INFO] CSC is loading...   Success?
2026-08-15 12:52:40 [INFO]    _____  _____  _____ 
2026-08-15 12:52:40 [INFO]   / ____|/ ____|/ ____|
2026-08-15 12:52:40 [INFO]  | |    | (___ | |        [CSC] Version: v0.21.18
2026-08-15 12:52:40 [INFO]  | |     \___ \| |        Minecraft Version: 1.20.1 forge
2026-08-15 12:52:40 [INFO]  | |____ ____) | |____    Problem/Feedback: Tencent QQ?1061133894
2026-08-15 12:52:40 [INFO]   \_____|_____/ \_____|
2026-08-15 12:52:40 [INFO]                        
2026-08-15 12:53:22 [INFO] CSC close completely, thanks for using!
2026-08-15 12:54:21 [INFO]    _____  _____  _____ 
2026-08-15 12:54:21 [INFO]   / ____|/ ____|/ ____|
2026-08-15 12:54:21 [INFO]  | |    | (___ | |        [CSC] Version: v0.21.18
2026-08-15 12:54:21 [INFO]  | |     \___ \| |        Minecraft Version: 1.20.1 forge
2026-08-15 12:54:21 [INFO]  | |____ ____) | |____    Problem/Feedback: Tencent QQ?1061133894
2026-08-15 12:54:21 [INFO]   \_____|_____/ \_____|
2026-08-15 12:54:21 [INFO]                        
2026-08-15 12:55:40 [INFO] CSC close completely, thanks for using!
2026-08-16 15:04:56 [INFO] CSC is loading...   Success?
2026-08-16 15:32:00 [INFO]    _____  _____  _____ 
2026-08-16 15:32:00 [INFO]   / ____|/ ____|/ ____|
2026-08-16 15:32:00 [INFO]  | |    | (___ | |        [CSC] Version: v0.21.18
2026-08-16 15:32:00 [INFO]  | |     \___ \| |        Minecraft Version: 1.20.1 forge
2026-08-16 15:32:00 [INFO]  | |____ ____) | |____    Problem/Feedback: Tencent QQ?1061133894
2026-08-16 15:32:00 [INFO]   \_____|_____/ \_____|
2026-08-16 15:32:00 [INFO]                        
2026-08-16 16:08:58 [INFO] CSC close completely, thanks for using!
2026-08-17 15:40:37 [INFO] CSC is loading...   Success?
2026-08-17 15:41:26 [INFO]    _____  _____  _____ 
2026-08-17 15:41:26 [INFO]   / ____|/ ____|/ ____|
2026-08-17 15:41:26 [INFO]  | |    | (___ | |        [CSC] Version: v0.21.18
2026-08-17 15:41:26 [INFO]  | |     \___ \| |        Minecraft Version: 1.20.1 forge
2026-08-17 15:41:26 [INFO]  | |____ ____) | |____    Problem/Feedback: Tencent QQ?1061133894
2026-08-17 15:41:26 [INFO]   \_____|_____/ \_____|
2026-08-17 15:41:26 [INFO]                        
2026-08-17 15:46:08 [INFO] CSC close completely, thanks for using!
2026-08-17 21:48:06 [INFO] CSC is loading...   Success?
2026-08-17 21:48:51 [INFO]    _____  _____  _____ 
2026-08-17 21:48:51 [INFO]   / ____|/ ____|/ ____|
2026-08-17 21:48:51 [INFO]  | |    | (___ | |        [CSC] Version: v0.21.18
2026-08-17 21:48:51 [INFO]  | |     \___ \| |        Minecraft Version: 1.20.1 forge
2026-08-17 21:48:51 [INFO]  | |____ ____) | |____    Problem/Feedback: Tencent QQ?1061133894
2026-08-17 21:48:51 [INFO]   \_____|_____/ \_____|
2026-08-17 21:48:51 [INFO]                        
2026-08-17 21:50:40 [INFO] CSC close completely, thanks for using!
2026-08-18 08:42:39 [INFO] CSC is loading...   Success?
2026-08-18 08:44:02 [INFO]    _____  _____  _____ 
2026-08-18 08:44:02 [INFO]   / ____|/ ____|/ ____|
2026-08-18 08:44:02 [INFO]  | |    | (___ | |        [CSC] Version: v0.21.18
2026-08-18 08:44:02 [INFO]  | |     \___ \| |        Minecraft Version: 1.20.1 forge
2026-08-18 08:44:02 [INFO]  | |____ ____) | |____    Problem/Feedback: Tencent QQ?1061133894
2026-08-18 08:44:02 [INFO]   \_____|_____/ \_____|
2026-08-18 08:44:02 [INFO]                        
2026-08-18 08:54:25 [INFO] CSC close completely, thanks for using!
2026-08-18 09:09:08 [INFO] CSC is loading...   Success?
2026-08-18 09:10:13 [INFO]    _____  _____  _____ 
2026-08-18 09:10:13 [INFO]   / ____|/ ____|/ ____|
2026-08-18 09:10:13 [INFO]  | |    | (___ | |        [CSC] Version: v0.21.18
2026-08-18 09:10:13 [INFO]  | |     \___ \| |        Minecraft Version: 1.20.1 forge
2026-08-18 09:10:13 [INFO]  | |____ ____) | |____    Problem/Feedback: Tencent QQ?1061133894
2026-08-18 09:10:13 [INFO]   \_____|_____/ \_____|
2026-08-18 09:10:13 [INFO]                        
2026-08-18 09:11:06 [INFO] CSC close completely, thanks for using!
2026-08-18 09:46:06 [INFO] CSC is loading...   Success?
2026-08-18 09:49:07 [INFO]    _____  _____  _____ 
2026-08-18 09:49:07 [INFO]   / ____|/ ____|/ ____|
2026-08-18 09:49:07 [INFO]  | |    | (___ | |        [CSC] Version: v0.21.18
2026-08-18 09:49:07 [INFO]  | |     \___ \| |        Minecraft Version: 1.20.1 forge
2026-08-18 09:49:07 [INFO]  | |____ ____) | |____    Problem/Feedback: Tencent QQ?1061133894
2026-08-18 09:49:07 [INFO]   \_____|_____/ \_____|
2026-08-18 09:49:07 [INFO]                        
2026-08-18 09:57:38 [INFO] CSC close completely, thanks for using!
2026-08-18 09:59:27 [INFO] CSC is loading...   Success?
2026-08-18 10:00:17 [INFO]    _____  _____  _____ 
2026-08-18 10:00:17 [INFO]   / ____|/ ____|/ ____|
2026-08-18 10:00:17 [INFO]  | |    | (___ | |        [CSC] Version: v0.21.18
2026-08-18 10:00:17 [INFO]  | |     \___ \| |        Minecraft Version: 1.20.1 forge
2026-08-18 10:00:17 [INFO]  | |____ ____) | |____    Problem/Feedback: Tencent QQ?1061133894
2026-08-18 10:00:17 [INFO]   \_____|_____/ \_____|
2026-08-18 10:00:17 [INFO]                        
2026-08-18 10:09:35 [INFO] CSC close completely, thanks for using!
2026-08-18 10:11:27 [INFO] CSC is loading...   Success?
2026-08-18 10:12:14 [INFO]    _____  _____  _____ 
2026-08-18 10:12:14 [INFO]   / ____|/ ____|/ ____|
2026-08-18 10:12:14 [INFO]  | |    | (___ | |        [CSC] Version: v0.21.18
2026-08-18 10:12:14 [INFO]  | |     \___ \| |        Minecraft Version: 1.20.1 forge
2026-08-18 10:12:14 [INFO]  | |____ ____) | |____    Problem/Feedback: Tencent QQ?1061133894
2026-08-18 10:12:14 [INFO]   \_____|_____/ \_____|
2026-08-18 10:12:14 [INFO]                        
2026-08-18 10:13:01 [INFO] CSC close completely, thanks for using!
2026-08-18 21:05:30 [INFO] CSC is loading...   Success?
2026-08-18 21:08:05 [INFO]    _____  _____  _____ 
2026-08-18 21:08:05 [INFO]   / ____|/ ____|/ ____|
2026-08-18 21:08:05 [INFO]  | |    | (___ | |        [CSC] Version: v0.21.18
2026-08-18 21:08:05 [INFO]  | |     \___ \| |        Minecraft Version: 1.20.1 forge
2026-08-18 21:08:05 [INFO]  | |____ ____) | |____    Problem/Feedback: Tencent QQ?1061133894
2026-08-18 21:08:05 [INFO]   \_____|_____/ \_____|
2026-08-18 21:08:05 [INFO]                        
2026-08-18 21:08:39 [INFO] CSC close completely, thanks for using!
2026-08-19 08:57:46 [INFO] CSC is loading...   Success?
2026-08-19 08:58:24 [INFO]    _____  _____  _____ 
2026-08-19 08:58:24 [INFO]   / ____|/ ____|/ ____|
2026-08-19 08:58:24 [INFO]  | |    | (___ | |        [CSC] Version: v0.21.18
2026-08-19 08:58:24 [INFO]  | |     \___ \| |        Minecraft Version: 1.20.1 forge
2026-08-19 08:58:24 [INFO]  | |____ ____) | |____    Problem/Feedback: Tencent QQ?1061133894
2026-08-19 08:58:24 [INFO]   \_____|_____/ \_____|
2026-08-19 08:58:24 [INFO]                        
2026-08-19 09:03:30 [INFO] CSC close completely, thanks for using!
2026-08-19 09:04:18 [INFO] CSC is loading...   Success?
2026-08-19 09:05:27 [INFO]    _____  _____  _____ 
2026-08-19 09:05:27 [INFO]   / ____|/ ____|/ ____|
2026-08-19 09:05:27 [INFO]  | |    | (___ | |        [CSC] Version: v0.21.18
2026-08-19 09:05:27 [INFO]  | |     \___ \| |        Minecraft Version: 1.20.1 forge
2026-08-19 09:05:27 [INFO]  | |____ ____) | |____    Problem/Feedback: Tencent QQ?1061133894
2026-08-19 09:05:27 [INFO]   \_____|_____/ \_____|
2026-08-19 09:05:27 [INFO]                        
2026-08-19 09:26:04 [INFO] CSC close completely, thanks for using!
2026-08-19 20:57:55 [INFO] CSC is loading...   Success?
2026-08-19 20:58:21 [INFO]    _____  _____  _____ 
2026-08-19 20:58:21 [INFO]   / ____|/ ____|/ ____|
2026-08-19 20:58:21 [INFO]  | |    | (___ | |        [CSC] Version: v0.21.18
2026-08-19 20:58:21 [INFO]  | |     \___ \| |        Minecraft Version: 1.20.1 forge
2026-08-19 20:58:21 [INFO]  | |____ ____) | |____    Problem/Feedback: Tencent QQ?1061133894
2026-08-19 20:58:21 [INFO]   \_____|_____/ \_____|
2026-08-19 20:58:21 [INFO]                        
2026-08-19 21:10:11 [INFO] CSC close completely, thanks for using!
2026-08-20 08:11:51 [INFO] CSC is loading...   Success?
2026-08-20 08:15:35 [INFO]    _____  _____  _____ 
2026-08-20 08:15:35 [INFO]   / ____|/ ____|/ ____|
2026-08-20 08:15:35 [INFO]  | |    | (___ | |        [CSC] Version: v0.21.18
2026-08-20 08:15:35 [INFO]  | |     \___ \| |        Minecraft Version: 1.20.1 forge
2026-08-20 08:15:35 [INFO]  | |____ ____) | |____    Problem/Feedback: Tencent QQ?1061133894
2026-08-20 08:15:35 [INFO]   \_____|_____/ \_____|
2026-08-20 08:15:35 [INFO]                        
2026-08-20 08:27:10 [INFO] CSC close completely, thanks for using!
2026-08-20 08:36:58 [INFO] CSC is loading...   Success?
2026-08-20 08:38:02 [INFO]    _____  _____  _____ 
2026-08-20 08:38:02 [INFO]   / ____|/ ____|/ ____|
2026-08-20 08:38:02 [INFO]  | |    | (___ | |        [CSC] Version: v0.21.18
2026-08-20 08:38:02 [INFO]  | |     \___ \| |        Minecraft Version: 1.20.1 forge
2026-08-20 08:38:02 [INFO]  | |____ ____) | |____    Problem/Feedback: Tencent QQ?1061133894
2026-08-20 08:38:02 [INFO]   \_____|_____/ \_____|
2026-08-20 08:38:02 [INFO]                        
2026-08-20 08:44:19 [INFO] CSC close completely, thanks for using!
2026-08-20 11:38:26 [INFO] CSC is loading...   Success?
2026-08-20 11:38:53 [INFO]    _____  _____  _____ 
2026-08-20 11:38:53 [INFO]   / ____|/ ____|/ ____|
2026-08-20 11:38:53 [INFO]  | |    | (___ | |        [CSC] Version: v0.21.18
2026-08-20 11:38:53 [INFO]  | |     \___ \| |        Minecraft Version: 1.20.1 forge
2026-08-20 11:38:53 [INFO]  | |____ ____) | |____    Problem/Feedback: Tencent QQ?1061133894
2026-08-20 11:38:53 [INFO]   \_____|_____/ \_____|
2026-08-20 11:38:53 [INFO]                        
2026-08-20 11:48:44 [INFO] CSC close completely, thanks for using!
2026-08-20 14:14:14 [INFO] CSC is loading...   Success?
2026-08-20 14:20:50 [INFO]    _____  _____  _____ 
2026-08-20 14:20:50 [INFO]   / ____|/ ____|/ ____|
2026-08-20 14:20:50 [INFO]  | |    | (___ | |        [CSC] Version: v0.21.18
2026-08-20 14:20:50 [INFO]  | |     \___ \| |        Minecraft Version: 1.20.1 forge
2026-08-20 14:20:50 [INFO]  | |____ ____) | |____    Problem/Feedback: Tencent QQ?1061133894
2026-08-20 14:20:50 [INFO]   \_____|_____/ \_____|
2026-08-20 14:20:50 [INFO]                        
2026-08-20 15:12:46 [INFO] CSC close completely, thanks for using!
2026-08-20 15:14:15 [INFO] CSC is loading...   Success?
2026-08-20 15:15:43 [INFO]    _____  _____  _____ 
2026-08-20 15:15:43 [INFO]   / ____|/ ____|/ ____|
2026-08-20 15:15:43 [INFO]  | |    | (___ | |        [CSC] Version: v0.21.18
2026-08-20 15:15:43 [INFO]  | |     \___ \| |        Minecraft Version: 1.20.1 forge
2026-08-20 15:15:43 [INFO]  | |____ ____) | |____    Problem/Feedback: Tencent QQ?1061133894
2026-08-20 15:15:43 [INFO]   \_____|_____/ \_____|
2026-08-20 15:15:43 [INFO]                        
2026-08-20 15:16:11 [INFO] CSC close completely, thanks for using!
2026-08-20 17:26:22 [INFO] CSC is loading...   Success?
2026-08-20 17:27:11 [INFO]    _____  _____  _____ 
2026-08-20 17:27:11 [INFO]   / ____|/ ____|/ ____|
2026-08-20 17:27:11 [INFO]  | |    | (___ | |        [CSC] Version: v0.21.18
2026-08-20 17:27:11 [INFO]  | |     \___ \| |        Minecraft Version: 1.20.1 forge
2026-08-20 17:27:11 [INFO]  | |____ ____) | |____    Problem/Feedback: Tencent QQ?1061133894
2026-08-20 17:27:11 [INFO]   \_____|_____/ \_____|
2026-08-20 17:27:11 [INFO]                        
2026-08-20 17:36:14 [INFO] CSC close completely, thanks for using!
2026-08-20 17:37:03 [INFO] CSC is loading...   Success?
2026-08-20 17:43:07 [INFO]    _____  _____  _____ 
2026-08-20 17:43:07 [INFO]   / ____|/ ____|/ ____|
2026-08-20 17:43:07 [INFO]  | |    | (___ | |        [CSC] Version: v0.21.18
2026-08-20 17:43:07 [INFO]  | |     \___ \| |        Minecraft Version: 1.20.1 forge
2026-08-20 17:43:07 [INFO]  | |____ ____) | |____    Problem/Feedback: Tencent QQ?1061133894
2026-08-20 17:43:07 [INFO]   \_____|_____/ \_____|
2026-08-20 17:43:07 [INFO]                        
2026-08-20 17:44:47 [INFO] CSC close completely, thanks for using!
2026-08-20 17:45:02 [INFO]    _____  _____  _____ 
2026-08-20 17:45:02 [INFO]   / ____|/ ____|/ ____|
2026-08-20 17:45:02 [INFO]  | |    | (___ | |        [CSC] Version: v0.21.18
2026-08-20 17:45:02 [INFO]  | |     \___ \| |        Minecraft Version: 1.20.1 forge
2026-08-20 17:45:02 [INFO]  | |____ ____) | |____    Problem/Feedback: Tencent QQ?1061133894
2026-08-20 17:45:02 [INFO]   \_____|_____/ \_____|
2026-08-20 17:45:02 [INFO]                        
2026-08-20 17:46:45 [INFO] CSC close completely, thanks for using!
2026-08-20 17:49:13 [INFO]    _____  _____  _____ 
2026-08-20 17:49:13 [INFO]   / ____|/ ____|/ ____|
2026-08-20 17:49:13 [INFO]  | |    | (___ | |        [CSC] Version: v0.21.18
2026-08-20 17:49:13 [INFO]  | |     \___ \| |        Minecraft Version: 1.20.1 forge
2026-08-20 17:49:13 [INFO]  | |____ ____) | |____    Problem/Feedback: Tencent QQ?1061133894
2026-08-20 17:49:13 [INFO]   \_____|_____/ \_____|
2026-08-20 17:49:13 [INFO]                        
2026-08-20 18:18:51 [INFO] CSC close completely, thanks for using!
2026-08-21 07:11:42 [INFO] CSC is loading...   Success?
2026-08-21 07:13:07 [INFO]    _____  _____  _____ 
2026-08-21 07:13:07 [INFO]   / ____|/ ____|/ ____|
2026-08-21 07:13:07 [INFO]  | |    | (___ | |        [CSC] Version: v0.21.18
2026-08-21 07:13:07 [INFO]  | |     \___ \| |        Minecraft Version: 1.20.1 forge
2026-08-21 07:13:07 [INFO]  | |____ ____) | |____    Problem/Feedback: Tencent QQ?1061133894
2026-08-21 07:13:07 [INFO]   \_____|_____/ \_____|
2026-08-21 07:13:07 [INFO]                        
2026-08-21 07:15:50 [INFO] CSC close completely, thanks for using!
2026-08-21 07:16:00 [INFO]    _____  _____  _____ 
2026-08-21 07:16:00 [INFO]   / ____|/ ____|/ ____|
2026-08-21 07:16:00 [INFO]  | |    | (___ | |        [CSC] Version: v0.21.18
2026-08-21 07:16:00 [INFO]  | |     \___ \| |        Minecraft Version: 1.20.1 forge
2026-08-21 07:16:00 [INFO]  | |____ ____) | |____    Problem/Feedback: Tencent QQ?1061133894
2026-08-21 07:16:00 [INFO]   \_____|_____/ \_____|
2026-08-21 07:16:00 [INFO]                        
2026-08-21 07:22:02 [INFO] CSC close completely, thanks for using!
2026-08-21 07:23:51 [INFO] CSC is loading...   Success?
2026-08-21 07:24:41 [INFO]    _____  _____  _____ 
2026-08-21 07:24:41 [INFO]   / ____|/ ____|/ ____|
2026-08-21 07:24:41 [INFO]  | |    | (___ | |        [CSC] Version: v0.21.18
2026-08-21 07:24:41 [INFO]  | |     \___ \| |        Minecraft Version: 1.20.1 forge
2026-08-21 07:24:41 [INFO]  | |____ ____) | |____    Problem/Feedback: Tencent QQ?1061133894
2026-08-21 07:24:41 [INFO]   \_____|_____/ \_____|
2026-08-21 07:24:41 [INFO]                        
2026-08-21 07:25:44 [INFO] CSC close completely, thanks for using!
2026-08-21 07:26:46 [INFO] CSC is loading...   Success?
2026-08-21 07:27:28 [INFO]    _____  _____  _____ 
2026-08-21 07:27:28 [INFO]   / ____|/ ____|/ ____|
2026-08-21 07:27:28 [INFO]  | |    | (___ | |        [CSC] Version: v0.21.18
2026-08-21 07:27:28 [INFO]  | |     \___ \| |        Minecraft Version: 1.20.1 forge
2026-08-21 07:27:28 [INFO]  | |____ ____) | |____    Problem/Feedback: Tencent QQ?1061133894
2026-08-21 07:27:28 [INFO]   \_____|_____/ \_____|
2026-08-21 07:27:28 [INFO]                        
2026-08-21 07:28:03 [INFO] CSC close completely, thanks for using!
2026-08-21 07:30:08 [INFO] CSC is loading...   Success?
2026-08-21 07:30:39 [INFO]    _____  _____  _____ 
2026-08-21 07:30:39 [INFO]   / ____|/ ____|/ ____|
2026-08-21 07:30:39 [INFO]  | |    | (___ | |        [CSC] Version: v0.21.18
2026-08-21 07:30:39 [INFO]  | |     \___ \| |        Minecraft Version: 1.20.1 forge
2026-08-21 07:30:39 [INFO]  | |____ ____) | |____    Problem/Feedback: Tencent QQ?1061133894
2026-08-21 07:30:39 [INFO]   \_____|_____/ \_____|
2026-08-21 07:30:39 [INFO]                        
2026-08-21 07:33:21 [INFO] CSC close completely, thanks for using!
2026-08-21 11:17:31 [INFO] CSC is loading...   Success?
2026-08-21 11:18:27 [INFO]    _____  _____  _____ 
2026-08-21 11:18:27 [INFO]   / ____|/ ____|/ ____|
2026-08-21 11:18:27 [INFO]  | |    | (___ | |        [CSC] Version: v0.21.18
2026-08-21 11:18:27 [INFO]  | |     \___ \| |        Minecraft Version: 1.20.1 forge
2026-08-21 11:18:27 [INFO]  | |____ ____) | |____    Problem/Feedback: Tencent QQ?1061133894
2026-08-21 11:18:27 [INFO]   \_____|_____/ \_____|
2026-08-21 11:18:27 [INFO]                        
2026-08-21 11:19:03 [INFO] CSC close completely, thanks for using!
2026-08-23 18:16:05 [INFO] CSC is loading...   Success?
2026-08-23 18:22:30 [INFO]    _____  _____  _____ 
2026-08-23 18:22:30 [INFO]   / ____|/ ____|/ ____|
2026-08-23 18:22:30 [INFO]  | |    | (___ | |        [CSC] Version: v0.21.18
2026-08-23 18:22:30 [INFO]  | |     \___ \| |        Minecraft Version: 1.20.1 forge
2026-08-23 18:22:30 [INFO]  | |____ ____) | |____    Problem/Feedback: Tencent QQ?1061133894
2026-08-23 18:22:30 [INFO]   \_____|_____/ \_____|
2026-08-23 18:22:30 [INFO]                        
2026-08-23 18:25:31 [INFO] CSC close completely, thanks for using!
2026-08-23 18:32:53 [INFO]    _____  _____  _____ 
2026-08-23 18:32:53 [INFO]   / ____|/ ____|/ ____|
2026-08-23 18:32:53 [INFO]  | |    | (___ | |        [CSC] Version: v0.21.18
2026-08-23 18:32:53 [INFO]  | |     \___ \| |        Minecraft Version: 1.20.1 forge
2026-08-23 18:32:53 [INFO]  | |____ ____) | |____    Problem/Feedback: Tencent QQ?1061133894
2026-08-23 18:32:53 [INFO]   \_____|_____/ \_____|
2026-08-23 18:32:53 [INFO]                        
2026-08-23 18:35:17 [INFO] CSC close completely, thanks for using!
2026-08-23 18:56:35 [INFO] CSC is loading...   Success?
2026-08-23 18:59:41 [INFO]    _____  _____  _____ 
2026-08-23 18:59:41 [INFO]   / ____|/ ____|/ ____|
2026-08-23 18:59:41 [INFO]  | |    | (___ | |        [CSC] Version: v0.21.18
2026-08-23 18:59:41 [INFO]  | |     \___ \| |        Minecraft Version: 1.20.1 forge
2026-08-23 18:59:41 [INFO]  | |____ ____) | |____    Problem/Feedback: Tencent QQ?1061133894
2026-08-23 18:59:41 [INFO]   \_____|_____/ \_____|
2026-08-23 18:59:41 [INFO]                        
2026-08-23 18:59:54 [INFO] CSC close completely, thanks for using!
2026-08-23 19:00:06 [INFO]    _____  _____  _____ 
2026-08-23 19:00:06 [INFO]   / ____|/ ____|/ ____|
2026-08-23 19:00:06 [INFO]  | |    | (___ | |        [CSC] Version: v0.21.18
2026-08-23 19:00:06 [INFO]  | |     \___ \| |        Minecraft Version: 1.20.1 forge
2026-08-23 19:00:06 [INFO]  | |____ ____) | |____    Problem/Feedback: Tencent QQ?1061133894
2026-08-23 19:00:06 [INFO]   \_____|_____/ \_____|
2026-08-23 19:00:06 [INFO]                        
2026-08-23 19:02:28 [INFO] CSC close completely, thanks for using!
2026-08-27 21:31:21 [INFO] CSC is loading...   Success?
2026-08-27 21:31:49 [INFO]    _____  _____  _____ 
2026-08-27 21:31:49 [INFO]   / ____|/ ____|/ ____|
2026-08-27 21:31:49 [INFO]  | |    | (___ | |        [CSC] Version: v0.21.18
2026-08-27 21:31:49 [INFO]  | |     \___ \| |        Minecraft Version: 1.20.1 forge
2026-08-27 21:31:49 [INFO]  | |____ ____) | |____    Problem/Feedback: Tencent QQ?1061133894
2026-08-27 21:31:49 [INFO]   \_____|_____/ \_____|
2026-08-27 21:31:49 [INFO]                        
2026-08-27 21:37:31 [INFO] CSC close completely, thanks for using!
2026-08-28 20:10:01 [INFO] CSC is loading...   Success?
2026-08-28 20:11:48 [INFO]    _____  _____  _____ 
2026-08-28 20:11:48 [INFO]   / ____|/ ____|/ ____|
2026-08-28 20:11:48 [INFO]  | |    | (___ | |        [CSC] Version: v0.21.18
2026-08-28 20:11:48 [INFO]  | |     \___ \| |        Minecraft Version: 1.20.1 forge
2026-08-28 20:11:48 [INFO]  | |____ ____) | |____    Problem/Feedback: Tencent QQ?1061133894
2026-08-28 20:11:48 [INFO]   \_____|_____/ \_____|
2026-08-28 20:11:48 [INFO]                        
2026-08-28 20:14:59 [INFO] CSC close completely, thanks for using!
2026-08-28 20:15:57 [INFO] CSC is loading...   Success?
2026-08-28 20:56:14 [INFO] CSC is loading...   Success?
2026-08-28 20:56:58 [INFO]    _____  _____  _____ 
2026-08-28 20:56:58 [INFO]   / ____|/ ____|/ ____|
2026-08-28 20:56:58 [INFO]  | |    | (___ | |        [CSC] Version: v0.21.18
2026-08-28 20:56:58 [INFO]  | |     \___ \| |        Minecraft Version: 1.20.1 forge
2026-08-28 20:56:58 [INFO]  | |____ ____) | |____    Problem/Feedback: Tencent QQ?1061133894
2026-08-28 20:56:58 [INFO]   \_____|_____/ \_____|
2026-08-28 20:56:58 [INFO]                        
2026-08-28 20:57:37 [INFO] CSC close completely, thanks for using!
2026-08-29 07:14:22 [INFO] CSC is loading...   Success?
2026-08-29 07:16:53 [INFO]    _____  _____  _____ 
2026-08-29 07:16:53 [INFO]   / ____|/ ____|/ ____|
2026-08-29 07:16:53 [INFO]  | |    | (___ | |        [CSC] Version: v0.21.18
2026-08-29 07:16:53 [INFO]  | |     \___ \| |        Minecraft Version: 1.20.1 forge
2026-08-29 07:16:53 [INFO]  | |____ ____) | |____    Problem/Feedback: Tencent QQ?1061133894
2026-08-29 07:16:53 [INFO]   \_____|_____/ \_____|
2026-08-29 07:16:53 [INFO]                        
2026-08-29 07:23:27 [INFO] CSC close completely, thanks for using!
2026-08-31 21:23:32 [INFO] CSC is loading...   Success?
2026-08-31 21:38:16 [INFO]    _____  _____  _____ 
2026-08-31 21:38:16 [INFO]   / ____|/ ____|/ ____|
2026-08-31 21:38:16 [INFO]  | |    | (___ | |        [CSC] Version: v0.21.18
2026-08-31 21:38:16 [INFO]  | |     \___ \| |        Minecraft Version: 1.20.1 forge
2026-08-31 21:38:16 [INFO]  | |____ ____) | |____    Problem/Feedback: Tencent QQ?1061133894
2026-08-31 21:38:16 [INFO]   \_____|_____/ \_____|
2026-08-31 21:38:16 [INFO]                        
2026-08-31 22:01:16 [INFO] CSC close completely, thanks for using!
2026-09-01 07:59:04 [INFO] CSC is loading...   Success?
2026-09-01 07:59:30 [INFO]    _____  _____  _____ 
2026-09-01 07:59:30 [INFO]   / ____|/ ____|/ ____|
2026-09-01 07:59:30 [INFO]  | |    | (___ | |        [CSC] Version: v0.21.18
2026-09-01 07:59:30 [INFO]  | |     \___ \| |        Minecraft Version: 1.20.1 forge
2026-09-01 07:59:30 [INFO]  | |____ ____) | |____    Problem/Feedback: Tencent QQ?1061133894
2026-09-01 07:59:30 [INFO]   \_____|_____/ \_____|
2026-09-01 07:59:30 [INFO]                        
2026-09-01 08:26:14 [INFO] CSC close completely, thanks for using!
2026-09-01 08:26:29 [INFO]    _____  _____  _____ 
2026-09-01 08:26:29 [INFO]   / ____|/ ____|/ ____|
2026-09-01 08:26:29 [INFO]  | |    | (___ | |        [CSC] Version: v0.21.18
2026-09-01 08:26:29 [INFO]  | |     \___ \| |        Minecraft Version: 1.20.1 forge
2026-09-01 08:26:29 [INFO]  | |____ ____) | |____    Problem/Feedback: Tencent QQ?1061133894
2026-09-01 08:26:29 [INFO]   \_____|_____/ \_____|
2026-09-01 08:26:29 [INFO]                        
2026-09-01 08:27:42 [INFO] CSC close completely, thanks for using!
2026-09-01 08:28:02 [INFO]    _____  _____  _____ 
2026-09-01 08:28:02 [INFO]   / ____|/ ____|/ ____|
2026-09-01 08:28:02 [INFO]  | |    | (___ | |        [CSC] Version: v0.21.18
2026-09-01 08:28:02 [INFO]  | |     \___ \| |        Minecraft Version: 1.20.1 forge
2026-09-01 08:28:02 [INFO]  | |____ ____) | |____    Problem/Feedback: Tencent QQ?1061133894
2026-09-01 08:28:02 [INFO]   \_____|_____/ \_____|
2026-09-01 08:28:02 [INFO]                        
2026-09-01 08:28:29 [INFO] CSC close completely, thanks for using!
2026-09-01 21:42:31 [INFO] CSC is loading...   Success?
2026-09-01 21:42:59 [INFO]    _____  _____  _____ 
2026-09-01 21:42:59 [INFO]   / ____|/ ____|/ ____|
2026-09-01 21:42:59 [INFO]  | |    | (___ | |        [CSC] Version: v0.21.18
2026-09-01 21:42:59 [INFO]  | |     \___ \| |        Minecraft Version: 1.20.1 forge
2026-09-01 21:42:59 [INFO]  | |____ ____) | |____    Problem/Feedback: Tencent QQ?1061133894
2026-09-01 21:42:59 [INFO]   \_____|_____/ \_____|
2026-09-01 21:42:59 [INFO]                        
2026-09-01 21:58:06 [INFO] CSC close completely, thanks for using!
2026-09-02 14:57:35 [INFO] CSC is loading...   Success?
2026-09-02 18:48:43 [INFO] CSC is loading...   Success?
2026-09-02 18:49:48 [INFO]    _____  _____  _____ 
2026-09-02 18:49:48 [INFO]   / ____|/ ____|/ ____|
2026-09-02 18:49:48 [INFO]  | |    | (___ | |        [CSC] Version: v0.21.18
2026-09-02 18:49:48 [INFO]  | |     \___ \| |        Minecraft Version: 1.20.1 forge
2026-09-02 18:49:48 [INFO]  | |____ ____) | |____    Problem/Feedback: Tencent QQ?1061133894
2026-09-02 18:49:48 [INFO]   \_____|_____/ \_____|
2026-09-02 18:49:48 [INFO]                        
2026-09-02 18:52:39 [INFO] CSC close completely, thanks for using!
2026-09-03 08:31:41 [INFO] CSC is loading...   Success?
2026-09-03 08:40:57 [INFO]    _____  _____  _____ 
2026-09-03 08:40:57 [INFO]   / ____|/ ____|/ ____|
2026-09-03 08:40:57 [INFO]  | |    | (___ | |        [CSC] Version: v0.21.18
2026-09-03 08:40:57 [INFO]  | |     \___ \| |        Minecraft Version: 1.20.1 forge
2026-09-03 08:40:57 [INFO]  | |____ ____) | |____    Problem/Feedback: Tencent QQ?1061133894
2026-09-03 08:40:57 [INFO]   \_____|_____/ \_____|
2026-09-03 08:40:57 [INFO]                        
2026-09-03 08:53:23 [INFO] CSC close completely, thanks for using!
2026-09-03 08:54:26 [INFO] CSC is loading...   Success?
2026-09-03 09:16:48 [INFO] CSC is loading...   Success?
2026-09-03 09:18:44 [INFO]    _____  _____  _____ 
2026-09-03 09:18:44 [INFO]   / ____|/ ____|/ ____|
2026-09-03 09:18:44 [INFO]  | |    | (___ | |        [CSC] Version: v0.21.18
2026-09-03 09:18:44 [INFO]  | |     \___ \| |        Minecraft Version: 1.20.1 forge
2026-09-03 09:18:44 [INFO]  | |____ ____) | |____    Problem/Feedback: Tencent QQ?1061133894
2026-09-03 09:18:44 [INFO]   \_____|_____/ \_____|
2026-09-03 09:18:44 [INFO]                        
2026-09-03 09:33:26 [INFO] CSC close completely, thanks for using!
2026-09-03 12:31:25 [INFO] CSC is loading...   Success?
2026-09-03 21:09:36 [INFO] CSC is loading...   Success?
2026-09-03 21:10:16 [INFO]    _____  _____  _____ 
2026-09-03 21:10:16 [INFO]   / ____|/ ____|/ ____|
2026-09-03 21:10:16 [INFO]  | |    | (___ | |        [CSC] Version: v0.21.18
2026-09-03 21:10:16 [INFO]  | |     \___ \| |        Minecraft Version: 1.20.1 forge
2026-09-03 21:10:16 [INFO]  | |____ ____) | |____    Problem/Feedback: Tencent QQ?1061133894
2026-09-03 21:10:16 [INFO]   \_____|_____/ \_____|
2026-09-03 21:10:16 [INFO]                        
2026-09-03 21:43:51 [INFO] CSC close completely, thanks for using!
2026-09-03 21:44:48 [INFO] CSC is loading...   Success?
2026-09-03 21:45:34 [INFO]    _____  _____  _____ 
2026-09-03 21:45:34 [INFO]   / ____|/ ____|/ ____|
2026-09-03 21:45:34 [INFO]  | |    | (___ | |        [CSC] Version: v0.21.18
2026-09-03 21:45:34 [INFO]  | |     \___ \| |        Minecraft Version: 1.20.1 forge
2026-09-03 21:45:34 [INFO]  | |____ ____) | |____    Problem/Feedback: Tencent QQ?1061133894
2026-09-03 21:45:34 [INFO]   \_____|_____/ \_____|
2026-09-03 21:45:34 [INFO]                        
2026-09-03 22:06:00 [INFO] CSC close completely, thanks for using!
2026-09-05 16:18:23 [INFO] CSC is loading...   Success?
2026-09-05 16:18:59 [INFO]    _____  _____  _____ 
2026-09-05 16:18:59 [INFO]   / ____|/ ____|/ ____|
2026-09-05 16:18:59 [INFO]  | |    | (___ | |        [CSC] Version: v0.21.18
2026-09-05 16:18:59 [INFO]  | |     \___ \| |        Minecraft Version: 1.20.1 forge
2026-09-05 16:18:59 [INFO]  | |____ ____) | |____    Problem/Feedback: Tencent QQ?1061133894
2026-09-05 16:18:59 [INFO]   \_____|_____/ \_____|
2026-09-05 16:18:59 [INFO]                        
2026-09-05 16:21:30 [INFO] CSC close completely, thanks for using!
2026-09-06 08:05:21 [INFO] CSC is loading...   Success?
2026-09-06 08:05:21 [ERROR] Key not found: Language
2026-09-06 08:05:22 [INFO] CSC is loading...   Success?
2026-09-06 08:06:25 [INFO] CSC is loading...   Success?
2026-09-06 08:08:06 [INFO]    _____  _____  _____ 
2026-09-06 08:08:06 [INFO]   / ____|/ ____|/ ____|
2026-09-06 08:08:06 [INFO]  | |    | (___ | |        [CSC] Version: v0.21.18
2026-09-06 08:08:06 [INFO]  | |     \___ \| |        Minecraft Version: 1.20.1 forge
2026-09-06 08:08:06 [INFO]  | |____ ____) | |____    Problem/Feedback: Tencent QQ?1061133894
2026-09-06 08:08:06 [INFO]   \_____|_____/ \_____|
2026-09-06 08:08:06 [INFO]                        
2026-09-06 08:15:47 [INFO] CSC close completely, thanks for using!
2026-09-06 08:18:55 [INFO] CSC is loading...   Success?
2026-09-06 08:23:20 [INFO]    _____  _____  _____ 
2026-09-06 08:23:20 [INFO]   / ____|/ ____|/ ____|
2026-09-06 08:23:20 [INFO]  | |    | (___ | |        [CSC] Version: v0.21.18
2026-09-06 08:23:20 [INFO]  | |     \___ \| |        Minecraft Version: 1.20.1 forge
2026-09-06 08:23:20 [INFO]  | |____ ____) | |____    Problem/Feedback: Tencent QQ?1061133894
2026-09-06 08:23:20 [INFO]   \_____|_____/ \_____|
2026-09-06 08:23:20 [INFO]                        
2026-09-06 08:29:44 [INFO] CSC close completely, thanks for using!
2026-09-06 08:31:03 [INFO] CSC is loading...   Success?
2026-09-06 08:32:27 [INFO]    _____  _____  _____ 
2026-09-06 08:32:27 [INFO]   / ____|/ ____|/ ____|
2026-09-06 08:32:27 [INFO]  | |    | (___ | |        [CSC] Version: v0.21.18
2026-09-06 08:32:27 [INFO]  | |     \___ \| |        Minecraft Version: 1.20.1 forge
2026-09-06 08:32:27 [INFO]  | |____ ____) | |____    Problem/Feedback: Tencent QQ?1061133894
2026-09-06 08:32:27 [INFO]   \_____|_____/ \_____|
2026-09-06 08:32:27 [INFO]                        
2026-09-06 08:35:03 [INFO] CSC close completely, thanks for using!
2026-09-06 08:47:29 [INFO] CSC is loading...   Success?
2026-09-06 08:48:09 [INFO]    _____  _____  _____ 
2026-09-06 08:48:09 [INFO]   / ____|/ ____|/ ____|
2026-09-06 08:48:09 [INFO]  | |    | (___ | |        [CSC] Version: v0.21.18
2026-09-06 08:48:09 [INFO]  | |     \___ \| |        Minecraft Version: 1.20.1 forge
2026-09-06 08:48:09 [INFO]  | |____ ____) | |____    Problem/Feedback: Tencent QQ?1061133894
2026-09-06 08:48:09 [INFO]   \_____|_____/ \_____|
2026-09-06 08:48:09 [INFO]                        
2026-09-06 08:57:13 [INFO] CSC close completely, thanks for using!
2026-09-06 08:58:02 [INFO] CSC is loading...   Success?
2026-09-06 08:58:35 [INFO]    _____  _____  _____ 
2026-09-06 08:58:35 [INFO]   / ____|/ ____|/ ____|
2026-09-06 08:58:35 [INFO]  | |    | (___ | |        [CSC] Version: v0.21.18
2026-09-06 08:58:35 [INFO]  | |     \___ \| |        Minecraft Version: 1.20.1 forge
2026-09-06 08:58:35 [INFO]  | |____ ____) | |____    Problem/Feedback: Tencent QQ?1061133894
2026-09-06 08:58:35 [INFO]   \_____|_____/ \_____|
2026-09-06 08:58:35 [INFO]                        
2026-09-06 11:04:58 [INFO] CSC is loading...   Success?
2026-09-06 11:05:29 [INFO]    _____  _____  _____ 
2026-09-06 11:05:29 [INFO]   / ____|/ ____|/ ____|
2026-09-06 11:05:29 [INFO]  | |    | (___ | |        [CSC] Version: v0.21.18
2026-09-06 11:05:29 [INFO]  | |     \___ \| |        Minecraft Version: 1.20.1 forge
2026-09-06 11:05:29 [INFO]  | |____ ____) | |____    Problem/Feedback: Tencent QQ?1061133894
2026-09-06 11:05:29 [INFO]   \_____|_____/ \_____|
2026-09-06 11:05:29 [INFO]                        
2026-09-06 11:17:38 [INFO] CSC is loading...   Success?
2026-09-06 11:18:47 [INFO]    _____  _____  _____ 
2026-09-06 11:18:47 [INFO]   / ____|/ ____|/ ____|
2026-09-06 11:18:47 [INFO]  | |    | (___ | |        [CSC] Version: v0.21.18
2026-09-06 11:18:47 [INFO]  | |     \___ \| |        Minecraft Version: 1.20.1 forge
2026-09-06 11:18:47 [INFO]  | |____ ____) | |____    Problem/Feedback: Tencent QQ?1061133894
2026-09-06 11:18:47 [INFO]   \_____|_____/ \_____|
2026-09-06 11:18:47 [INFO]                        
2026-09-06 11:21:51 [INFO] CSC is loading...   Success?
2026-09-06 11:23:18 [INFO]    _____  _____  _____ 
2026-09-06 11:23:18 [INFO]   / ____|/ ____|/ ____|
2026-09-06 11:23:18 [INFO]  | |    | (___ | |        [CSC] Version: v0.21.18
2026-09-06 11:23:18 [INFO]  | |     \___ \| |        Minecraft Version: 1.20.1 forge
2026-09-06 11:23:18 [INFO]  | |____ ____) | |____    Problem/Feedback: Tencent QQ?1061133894
2026-09-06 11:23:18 [INFO]   \_____|_____/ \_____|
2026-09-06 11:23:18 [INFO]                        
2026-09-06 11:30:40 [INFO] CSC close completely, thanks for using!
2026-09-06 11:32:30 [INFO] CSC is loading...   Success?
2026-09-06 11:34:39 [INFO]    _____  _____  _____ 
2026-09-06 11:34:39 [INFO]   / ____|/ ____|/ ____|
2026-09-06 11:34:39 [INFO]  | |    | (___ | |        [CSC] Version: v0.21.18
2026-09-06 11:34:39 [INFO]  | |     \___ \| |        Minecraft Version: 1.20.1 forge
2026-09-06 11:34:39 [INFO]  | |____ ____) | |____    Problem/Feedback: Tencent QQ?1061133894
2026-09-06 11:34:39 [INFO]   \_____|_____/ \_____|
2026-09-06 11:34:39 [INFO]                        
2026-09-06 11:36:07 [INFO] CSC close completely, thanks for using!
2026-09-06 14:26:09 [INFO] CSC is loading...   Success?
2026-09-06 14:26:38 [INFO]    _____  _____  _____ 
2026-09-06 14:26:38 [INFO]   / ____|/ ____|/ ____|
2026-09-06 14:26:38 [INFO]  | |    | (___ | |        [CSC] Version: v0.21.18
2026-09-06 14:26:38 [INFO]  | |     \___ \| |        Minecraft Version: 1.20.1 forge
2026-09-06 14:26:38 [INFO]  | |____ ____) | |____    Problem/Feedback: Tencent QQ?1061133894
2026-09-06 14:26:38 [INFO]   \_____|_____/ \_____|
2026-09-06 14:26:38 [INFO]                        
2026-09-06 14:39:20 [INFO] CSC close completely, thanks for using!
2026-09-07 09:40:54 [INFO] CSC is loading...   Success?
2026-09-07 09:46:28 [INFO]    _____  _____  _____ 
2026-09-07 09:46:28 [INFO]   / ____|/ ____|/ ____|
2026-09-07 09:46:28 [INFO]  | |    | (___ | |        [CSC] Version: v0.21.18
2026-09-07 09:46:28 [INFO]  | |     \___ \| |        Minecraft Version: 1.20.1 forge
2026-09-07 09:46:28 [INFO]  | |____ ____) | |____    Problem/Feedback: Tencent QQ?1061133894
2026-09-07 09:46:28 [INFO]   \_____|_____/ \_____|
2026-09-07 09:46:28 [INFO]                        
2026-09-07 09:48:49 [INFO] CSC close completely, thanks for using!
2026-09-09 19:46:13 [INFO] CSC is loading...   Success£°
2026-09-09 19:48:32 [INFO]    _____  _____  _____ 
2026-09-09 19:48:32 [INFO]   / ____|/ ____|/ ____|
2026-09-09 19:48:32 [INFO]  | |    | (___ | |        [CSC] Version: v0.21.18
2026-09-09 19:48:32 [INFO]  | |     \___ \| |        Minecraft Version: 1.20.1 forge
2026-09-09 19:48:32 [INFO]  | |____ ____) | |____    Problem/Feedback: Tencent QQ£∫1061133894
2026-09-09 19:48:32 [INFO]   \_____|_____/ \_____|
2026-09-09 19:48:32 [INFO]                        
2026-09-09 20:30:07 [INFO] CSC close completely, thanks for using!
2026-09-10 21:36:35 [INFO] CSC is loading...   Success£°
2026-09-10 21:38:28 [INFO]    _____  _____  _____ 
2026-09-10 21:38:28 [INFO]   / ____|/ ____|/ ____|
2026-09-10 21:38:28 [INFO]  | |    | (___ | |        [CSC] Version: v0.21.18
2026-09-10 21:38:28 [INFO]  | |     \___ \| |        Minecraft Version: 1.20.1 forge
2026-09-10 21:38:28 [INFO]  | |____ ____) | |____    Problem/Feedback: Tencent QQ£∫1061133894
2026-09-10 21:38:28 [INFO]   \_____|_____/ \_____|
2026-09-10 21:38:28 [INFO]                        
2026-09-11 22:48:12 [INFO] CSC is loading...   Success£°
2026-09-12 19:30:19 [INFO] CSC is loading...   Success£°
2026-09-12 20:48:12 [INFO] CSC is loading...   Success£°
2026-09-13 00:15:22 [INFO] CSC is loading...   Success£°
2026-09-13 00:19:33 [INFO]    _____  _____  _____ 
2026-09-13 00:19:33 [INFO]   / ____|/ ____|/ ____|
2026-09-13 00:19:33 [INFO]  | |    | (___ | |        [CSC] Version: v0.21.18
2026-09-13 00:19:33 [INFO]  | |     \___ \| |        Minecraft Version: 1.20.1 forge
2026-09-13 00:19:33 [INFO]  | |____ ____) | |____    Problem/Feedback: Tencent QQ£∫1061133894
2026-09-13 00:19:33 [INFO]   \_____|_____/ \_____|
2026-09-13 00:19:33 [INFO]                        
2026-09-13 00:33:34 [INFO] CSC is loading...   Success£°
2026-09-13 00:39:39 [INFO]    _____  _____  _____ 
2026-09-13 00:39:39 [INFO]   / ____|/ ____|/ ____|
2026-09-13 00:39:39 [INFO]  | |    | (___ | |        [CSC] Version: v0.21.18
2026-09-13 00:39:39 [INFO]  | |     \___ \| |        Minecraft Version: 1.20.1 forge
2026-09-13 00:39:39 [INFO]  | |____ ____) | |____    Problem/Feedback: Tencent QQ£∫1061133894
2026-09-13 00:39:39 [INFO]   \_____|_____/ \_____|
2026-09-13 00:39:39 [INFO]                        
2026-09-13 00:59:17 [INFO] CSC is loading...   Success£°
2026-09-13 01:05:50 [INFO]    _____  _____  _____ 
2026-09-13 01:05:50 [INFO]   / ____|/ ____|/ ____|
2026-09-13 01:05:50 [INFO]  | |    | (___ | |        [CSC] Version: v0.21.18
2026-09-13 01:05:50 [INFO]  | |     \___ \| |        Minecraft Version: 1.20.1 forge
2026-09-13 01:05:50 [INFO]  | |____ ____) | |____    Problem/Feedback: Tencent QQ£∫1061133894
2026-09-13 01:05:50 [INFO]   \_____|_____/ \_____|
2026-09-13 01:05:50 [INFO]                        
2026-09-13 01:50:12 [INFO] CSC is loading...   Success£°
2026-09-13 06:28:36 [INFO] CSC is loading...   Success£°
2026-09-13 07:55:24 [INFO] CSC is loading...   Success£°
2026-09-13 21:48:01 [INFO] CSC is loading...   Success£°
2026-09-13 22:20:26 [INFO] CSC is loading...   Success£°
2026-09-14 03:28:20 [INFO] CSC is loading...   Success£°
2026-09-14 03:32:56 [INFO] CSC is loading...   Success£°
2026-09-14 03:36:58 [INFO]    _____  _____  _____ 
2026-09-14 03:36:58 [INFO]   / ____|/ ____|/ ____|
2026-09-14 03:36:58 [INFO]  | |    | (___ | |        [CSC] Version: v0.21.18
2026-09-14 03:36:58 [INFO]  | |     \___ \| |        Minecraft Version: 1.20.1 forge
2026-09-14 03:36:58 [INFO]  | |____ ____) | |____    Problem/Feedback: Tencent QQ£∫1061133894
2026-09-14 03:36:58 [INFO]   \_____|_____/ \_____|
2026-09-14 03:36:58 [INFO]                        
2026-09-14 04:11:20 [INFO] CSC is loading...   Success£°
2026-09-14 04:14:36 [INFO]    _____  _____  _____ 
2026-09-14 04:14:36 [INFO]   / ____|/ ____|/ ____|
2026-09-14 04:14:36 [INFO]  | |    | (___ | |        [CSC] Version: v0.21.18
2026-09-14 04:14:36 [INFO]  | |     \___ \| |        Minecraft Version: 1.20.1 forge
2026-09-14 04:14:36 [INFO]  | |____ ____) | |____    Problem/Feedback: Tencent QQ£∫1061133894
2026-09-14 04:14:36 [INFO]   \_____|_____/ \_____|
2026-09-14 04:14:36 [INFO]                        
2026-09-14 04:21:59 [INFO] CSC close completely, thanks for using!
2026-09-14 04:43:58 [INFO] CSC is loading...   Success£°
2026-09-14 05:54:45 [INFO] CSC is loading...   Success£°
2026-09-14 06:36:07 [INFO] CSC is loading...   Success£°
2026-09-14 20:13:20 [INFO] CSC is loading...   Success£°
2026-09-14 20:17:07 [INFO]    _____  _____  _____ 
2026-09-14 20:17:07 [INFO]   / ____|/ ____|/ ____|
2026-09-14 20:17:07 [INFO]  | |    | (___ | |        [CSC] Version: v0.21.18
2026-09-14 20:17:07 [INFO]  | |     \___ \| |        Minecraft Version: 1.20.1 forge
2026-09-14 20:17:07 [INFO]  | |____ ____) | |____    Problem/Feedback: Tencent QQ£∫1061133894
2026-09-14 20:17:07 [INFO]   \_____|_____/ \_____|
2026-09-14 20:17:07 [INFO]                        
2026-09-14 22:14:07 [INFO] CSC is loading...   Success£°
2026-09-14 22:36:45 [INFO]    _____  _____  _____ 
2026-09-14 22:36:45 [INFO]   / ____|/ ____|/ ____|
2026-09-14 22:36:45 [INFO]  | |    | (___ | |        [CSC] Version: v0.21.18
2026-09-14 22:36:45 [INFO]  | |     \___ \| |        Minecraft Version: 1.20.1 forge
2026-09-14 22:36:45 [INFO]  | |____ ____) | |____    Problem/Feedback: Tencent QQ£∫1061133894
2026-09-14 22:36:45 [INFO]   \_____|_____/ \_____|
2026-09-14 22:36:45 [INFO]                        
2026-09-14 22:48:14 [INFO] CSC is loading...   Success£°
2026-09-14 22:51:43 [INFO]    _____  _____  _____ 
2026-09-14 22:51:43 [INFO]   / ____|/ ____|/ ____|
2026-09-14 22:51:43 [INFO]  | |    | (___ | |        [CSC] Version: v0.21.18
2026-09-14 22:51:43 [INFO]  | |     \___ \| |        Minecraft Version: 1.20.1 forge
2026-09-14 22:51:43 [INFO]  | |____ ____) | |____    Problem/Feedback: Tencent QQ£∫1061133894
2026-09-14 22:51:43 [INFO]   \_____|_____/ \_____|
2026-09-14 22:51:43 [INFO]                        
2026-09-14 23:21:24 [INFO] CSC is loading...   Success£°
2026-09-14 23:24:28 [INFO]    _____  _____  _____ 
2026-09-14 23:24:28 [INFO]   / ____|/ ____|/ ____|
2026-09-14 23:24:28 [INFO]  | |    | (___ | |        [CSC] Version: v0.21.18
2026-09-14 23:24:28 [INFO]  | |     \___ \| |        Minecraft Version: 1.20.1 forge
2026-09-14 23:24:28 [INFO]  | |____ ____) | |____    Problem/Feedback: Tencent QQ£∫1061133894
2026-09-14 23:24:28 [INFO]   \_____|_____/ \_____|
2026-09-14 23:24:28 [INFO]                        
2026-09-14 23:32:10 [INFO] CSC close completely, thanks for using!
2026-09-14 23:51:22 [INFO] CSC is loading...   Success£°
2026-09-15 08:34:21 [INFO] CSC is loading...   Success£°
2026-09-15 08:41:34 [INFO] CSC is loading...   Success£°
2026-09-15 21:14:18 [INFO] CSC is loading...   Success£°
2026-09-15 21:18:40 [INFO]    _____  _____  _____ 
2026-09-15 21:18:40 [INFO]   / ____|/ ____|/ ____|
2026-09-15 21:18:40 [INFO]  | |    | (___ | |        [CSC] Version: v0.21.18
2026-09-15 21:18:40 [INFO]  | |     \___ \| |        Minecraft Version: 1.20.1 forge
2026-09-15 21:18:40 [INFO]  | |____ ____) | |____    Problem/Feedback: Tencent QQ£∫1061133894
2026-09-15 21:18:40 [INFO]   \_____|_____/ \_____|
2026-09-15 21:18:40 [INFO]                        
2026-09-15 21:31:12 [INFO] CSC close completely, thanks for using!
2026-09-15 21:42:58 [INFO] CSC is loading...   Success£°
2026-09-15 22:28:31 [INFO] CSC is loading...   Success£°
2026-09-15 22:32:54 [INFO]    _____  _____  _____ 
2026-09-15 22:32:54 [INFO]   / ____|/ ____|/ ____|
2026-09-15 22:32:54 [INFO]  | |    | (___ | |        [CSC] Version: v0.21.18
2026-09-15 22:32:54 [INFO]  | |     \___ \| |        Minecraft Version: 1.20.1 forge
2026-09-15 22:32:54 [INFO]  | |____ ____) | |____    Problem/Feedback: Tencent QQ£∫1061133894
2026-09-15 22:32:54 [INFO]   \_____|_____/ \_____|
2026-09-15 22:32:54 [INFO]                        
2026-09-16 00:00:49 [INFO] CSC is loading...   Success£°
2026-09-16 02:27:31 [INFO] CSC is loading...   Success£°
2026-09-16 03:00:52 [INFO] CSC is loading...   Success£°
2026-09-16 16:03:47 [INFO] CSC is loading...   Success£°
2026-09-16 19:00:47 [INFO] CSC is loading...   Success£°
2026-09-16 19:31:38 [INFO] CSC is loading...   Success£°
2026-09-16 23:18:44 [INFO] CSC is loading...   Success£°
2026-09-16 23:26:42 [INFO] CSC is loading...   Success£°
2026-09-16 23:46:20 [INFO] CSC is loading...   Success£°
2026-09-17 00:05:57 [INFO] CSC is loading...   Success£°
2026-09-17 00:15:40 [INFO] CSC is loading...   Success£°
2026-09-17 01:18:36 [INFO] CSC is loading...   Success£°
2026-09-17 01:35:03 [INFO] CSC is loading...   Success£°
2026-09-17 01:48:41 [INFO] CSC is loading...   Success£°
2026-09-17 02:17:58 [INFO] CSC is loading...   Success£°
2026-09-17 02:31:46 [INFO] CSC is loading...   Success£°
2026-09-17 03:03:45 [INFO] CSC is loading...   Success£°
2026-09-17 03:21:41 [INFO] CSC is loading...   Success£°
2026-09-17 06:03:46 [INFO] CSC is loading...   Success£°
2026-09-17 06:12:09 [INFO] CSC is loading...   Success£°
2026-09-17 06:34:24 [INFO] CSC is loading...   Success£°
2026-09-17 06:43:03 [INFO] CSC is loading...   Success£°
2026-09-17 07:02:22 [INFO] CSC is loading...   Success£°
2026-09-17 08:14:13 [INFO] CSC is loading...   Success£°
2026-09-17 23:15:13 [INFO] CSC is loading...   Success£°
2026-09-18 04:38:23 [INFO] CSC is loading...   Success£°
2026-09-18 05:47:38 [INFO] CSC is loading...   Success£°
2026-09-18 07:41:56 [INFO] CSC is loading...   Success£°
2026-09-18 18:13:06 [INFO] CSC is loading...   Success£°
2026-09-18 19:52:03 [INFO] CSC is loading...   Success£°
